<html>
<body>
<pre>
<h1>礦ision Build Log</h1>
<h2>Tool Versions:</h2>
IDE-Version: μVision V5.14.0.0
Copyright (C) 2015 ARM Ltd and ARM Germany GmbH. All rights reserved.
License Information: 1 BluseLi, 1, LIC=NQQQD-8B9T0-CXEU6-D5LUX-CELBT-2BH39
 
Tool Versions:
Toolchain:       MDK-ARM Standard  Version: 5.14.0.0
Toolchain Path:  E:\Keil_v5\ARM\ARMCC\Bin
C Compiler:      Armcc.exe V5.05 update 1 (build 106)
Assembler:       Armasm.exe V5.05 update 1 (build 106)
Linker/Locator:  ArmLink.exe V5.05 update 1 (build 106)
Library Manager: ArmAr.exe V5.05 update 1 (build 106)
Hex Converter:   FromElf.exe V5.05 update 1 (build 106)
CPU DLL:         SARMCM3.DLL V5.14.0.0
Dialog DLL:      DCM.DLL V1.13.1.0
Target DLL:      STLink\ST-LINKIII-KEIL_SWO.dll V2.0.14.0_KEIL
Dialog DLL:      TCM.DLL V1.14.4.0
 
<h2>Project:</h2>
I:\AD\Stm32板子测试程序通用模板\STM32F103RC\USER\Boardtest.uvprojx
Project File Date:  03/07/2020

<h2>Output:</h2>
Build target '板子测试程序'
compiling main.c...
main.c(34): warning:  #177-D: variable "pitch" was declared but never referenced
        float pitch,roll,yaw;           //欧拉角
main.c(34): warning:  #177-D: variable "roll" was declared but never referenced
        float pitch,roll,yaw;           //欧拉角
main.c(34): warning:  #177-D: variable "yaw" was declared but never referenced
        float pitch,roll,yaw;           //欧拉角
main.c(35): warning:  #177-D: variable "aacx" was declared but never referenced
        short aacx,aacy,aacz;           //加速度传感器原始数据
main.c(35): warning:  #177-D: variable "aacy" was declared but never referenced
        short aacx,aacy,aacz;           //加速度传感器原始数据
main.c(35): warning:  #177-D: variable "aacz" was declared but never referenced
        short aacx,aacy,aacz;           //加速度传感器原始数据
main.c(36): warning:  #177-D: variable "gyrox" was declared but never referenced
        short gyrox,gyroy,gyroz;        //陀螺仪原始数据
main.c(36): warning:  #177-D: variable "gyroy" was declared but never referenced
        short gyrox,gyroy,gyroz;        //陀螺仪原始数据
main.c(36): warning:  #177-D: variable "gyroz" was declared but never referenced
        short gyrox,gyroy,gyroz;        //陀螺仪原始数据
main.c(37): warning:  #177-D: variable "temp" was declared but never referenced
        short temp;                                     //温度  
main.c(39): warning:  #177-D: variable "statue" was declared but never referenced
        int statue=0;
main.c(97): warning:  #188-D: enumerated type mixed with another type
        LED1TURN;
main.c(98): warning:  #188-D: enumerated type mixed with another type
        LED2TURN;
main.c(99): warning:  #188-D: enumerated type mixed with another type
        LED3TURN;
main.c(100): warning:  #188-D: enumerated type mixed with another type
        LED4TURN;
main.c: 15 warnings, 0 errors
linking...
Program Size: Code=15556 RO-data=944 RW-data=88 ZI-data=1888  
FromELF: creating hex file...
".\OUTPUT\boardtest.axf" - 0 Error(s), 15 Warning(s).

<h2>Collection of Component include folders:</h2>
  I:\AD\Stm32板子测试程序通用模板\STM32F103RC\USER\RTE
  E:\Keil_v5\ARM\PACK\Keil\STM32F1xx_DFP\2.1.0

<h2>Collection of Component Files used:</h2>
</pre>
</body>
</html>
