Component: ARM Compiler 5.05 update 1 (build 106) Tool: armlink [4d0efa]

==============================================================================

Section Cross References

    main.o(.text) refers to stm32f10x_gpio.o(.text) for GPIO_ReadOutputDataBit
    main.o(.text) refers to delay.o(.text) for Delay_Init
    main.o(.text) refers to sys.o(.text) for NVIC_Configuration
    main.o(.text) refers to usart.o(.text) for Usart1_Init
    main.o(.text) refers to led.o(.text) for LED_Init
    main.o(.text) refers to key.o(.text) for KEY_Scan
    main.o(.data) refers to main.o(.conststring) for .conststring
    led.o(.text) refers to stm32f10x_rcc.o(.text) for RCC_APB2PeriphClockCmd
    led.o(.text) refers to stm32f10x_gpio.o(.text) for GPIO_Init
    hc_sr04.o(.text) refers to timer.o(.text) for Timer1_Init
    hc_sr04.o(.text) refers to stm32f10x_tim.o(.text) for TIM_Cmd
    hc_sr04.o(.text) refers to delay.o(.text) for delay_us
    hc_sr04.o(.text) refers to fflt_clz.o(x$fpl$ffltu) for __aeabi_ui2f
    hc_sr04.o(.text) refers to f2d.o(x$fpl$f2d) for __aeabi_f2d
    hc_sr04.o(.text) refers to ddiv.o(x$fpl$ddiv) for __aeabi_ddiv
    hc_sr04.o(.text) refers to d2f.o(x$fpl$d2f) for __aeabi_d2f
    hc_sr04.o(.text) refers to faddsub_clz.o(x$fpl$fadd) for __aeabi_fadd
    hc_sr04.o(.text) refers to hc_sr04.o(.data) for sr04Count
    key.o(.text) refers to stm32f10x_rcc.o(.text) for RCC_APB2PeriphClockCmd
    key.o(.text) refers to stm32f10x_gpio.o(.text) for GPIO_Init
    key.o(.text) refers to stm32f10x_exti.o(.text) for EXTI_Init
    key.o(.text) refers to misc.o(.text) for NVIC_Init
    delay.o(.text) refers to misc.o(.text) for SysTick_CLKSourceConfig
    delay.o(.text) refers to delay.o(.data) for fac_us
    sys.o(.text) refers to misc.o(.text) for NVIC_PriorityGroupConfig
    usart.o(.text) refers to stm32f10x_rcc.o(.text) for RCC_APB2PeriphClockCmd
    usart.o(.text) refers to stm32f10x_gpio.o(.text) for GPIO_Init
    usart.o(.text) refers to stm32f10x_usart.o(.text) for USART_Init
    usart.o(.text) refers to misc.o(.text) for NVIC_Init
    usart.o(.text) refers to c89vsprintf.o(.text) for __c89vsprintf
    usart.o(.text) refers to strstr.o(.text) for strstr
    usart.o(.text) refers to rt_memclr.o(.text) for __aeabi_memclr
    usart.o(.text) refers to main.o(.data) for usart1Len
    usart.o(.text) refers to main.o(.bss) for usart1Buf
    usart.o(.text) refers to usart.o(.data) for point1
    usart.o(.text) refers to usart.o(.bss) for Save_Data
    i2c.o(.text) refers to stm32f10x_rcc.o(.text) for RCC_APB2PeriphClockCmd
    i2c.o(.text) refers to stm32f10x_gpio.o(.text) for GPIO_Init
    timer.o(.text) refers to stm32f10x_rcc.o(.text) for RCC_APB1PeriphClockCmd
    timer.o(.text) refers to stm32f10x_tim.o(.text) for TIM_TimeBaseInit
    timer.o(.text) refers to misc.o(.text) for NVIC_Init
    timer.o(.text) refers to hc_sr04.o(.data) for sr04Count
    pwm.o(.text) refers to stm32f10x_rcc.o(.text) for RCC_APB1PeriphClockCmd
    pwm.o(.text) refers to stm32f10x_gpio.o(.text) for GPIO_PinRemapConfig
    pwm.o(.text) refers to stm32f10x_tim.o(.text) for TIM_TimeBaseInit
    startup_stm32f10x_hd.o(STACK) refers (Special) to heapauxi.o(.text) for __use_two_region_memory
    startup_stm32f10x_hd.o(HEAP) refers (Special) to heapauxi.o(.text) for __use_two_region_memory
    startup_stm32f10x_hd.o(RESET) refers (Special) to heapauxi.o(.text) for __use_two_region_memory
    startup_stm32f10x_hd.o(RESET) refers to startup_stm32f10x_hd.o(STACK) for __initial_sp
    startup_stm32f10x_hd.o(RESET) refers to startup_stm32f10x_hd.o(.text) for Reset_Handler
    startup_stm32f10x_hd.o(RESET) refers to stm32f10x_it.o(.text) for NMI_Handler
    startup_stm32f10x_hd.o(RESET) refers to key.o(.text) for EXTI3_IRQHandler
    startup_stm32f10x_hd.o(RESET) refers to timer.o(.text) for TIM1_UP_IRQHandler
    startup_stm32f10x_hd.o(RESET) refers to usart.o(.text) for USART1_IRQHandler
    startup_stm32f10x_hd.o(.text) refers (Special) to heapauxi.o(.text) for __use_two_region_memory
    startup_stm32f10x_hd.o(.text) refers to system_stm32f10x.o(.text) for SystemInit
    startup_stm32f10x_hd.o(.text) refers to __main.o(!!!main) for __main
    startup_stm32f10x_hd.o(.text) refers to startup_stm32f10x_hd.o(HEAP) for Heap_Mem
    startup_stm32f10x_hd.o(.text) refers to startup_stm32f10x_hd.o(STACK) for Stack_Mem
    system_stm32f10x.o(.text) refers to system_stm32f10x.o(.data) for SystemCoreClock
    stm32f10x_adc.o(.text) refers to stm32f10x_rcc.o(.text) for RCC_APB2PeriphResetCmd
    stm32f10x_bkp.o(.text) refers to stm32f10x_rcc.o(.text) for RCC_BackupResetCmd
    stm32f10x_can.o(.text) refers to stm32f10x_rcc.o(.text) for RCC_APB1PeriphResetCmd
    stm32f10x_cec.o(.text) refers to stm32f10x_rcc.o(.text) for RCC_APB1PeriphResetCmd
    stm32f10x_dac.o(.text) refers to stm32f10x_rcc.o(.text) for RCC_APB1PeriphResetCmd
    stm32f10x_gpio.o(.text) refers to stm32f10x_rcc.o(.text) for RCC_APB2PeriphResetCmd
[...]
    !!handler_zi                             0x08000188   Section       28  __scatter_zi.o(!!handler_zi)
    .ARM.Collect$$_printf_percent$$00000000  0x080001a4   Section        0  _printf_percent.o(.ARM.Collect$$_printf_percent$$00000000)
    .ARM.Collect$$_printf_percent$$00000001  0x080001a4   Section        6  _printf_n.o(.ARM.Collect$$_printf_percent$$00000001)
    .ARM.Collect$$_printf_percent$$00000002  0x080001aa   Section        6  _printf_p.o(.ARM.Collect$$_printf_percent$$00000002)
    .ARM.Collect$$_printf_percent$$00000003  0x080001b0   Section        6  _printf_f.o(.ARM.Collect$$_printf_percent$$00000003)
    .ARM.Collect$$_printf_percent$$00000004  0x080001b6   Section        6  _printf_e.o(.ARM.Collect$$_printf_percent$$00000004)
    .ARM.Collect$$_printf_percent$$00000005  0x080001bc   Section        6  _printf_g.o(.ARM.Collect$$_printf_percent$$00000005)
    .ARM.Collect$$_printf_percent$$00000006  0x080001c2   Section        6  _printf_a.o(.ARM.Collect$$_printf_percent$$00000006)
    .ARM.Collect$$_printf_percent$$00000007  0x080001c8   Section       10  _printf_ll.o(.ARM.Collect$$_printf_percent$$00000007)
    .ARM.Collect$$_printf_percent$$00000008  0x080001d2   Section        6  _printf_i.o(.ARM.Collect$$_printf_percent$$00000008)
    .ARM.Collect$$_printf_percent$$00000009  0x080001d8   Section        6  _printf_d.o(.ARM.Collect$$_printf_percent$$00000009)
    .ARM.Collect$$_printf_percent$$0000000A  0x080001de   Section        6  _printf_u.o(.ARM.Collect$$_printf_percent$$0000000A)
    .ARM.Collect$$_printf_percent$$0000000B  0x080001e4   Section        6  _printf_o.o(.ARM.Collect$$_printf_percent$$0000000B)
    .ARM.Collect$$_printf_percent$$0000000C  0x080001ea   Section        6  _printf_x.o(.ARM.Collect$$_printf_percent$$0000000C)
    .ARM.Collect$$_printf_percent$$0000000D  0x080001f0   Section        6  _printf_lli.o(.ARM.Collect$$_printf_percent$$0000000D)
    .ARM.Collect$$_printf_percent$$0000000E  0x080001f6   Section        6  _printf_lld.o(.ARM.Collect$$_printf_percent$$0000000E)
    .ARM.Collect$$_printf_percent$$0000000F  0x080001fc   Section        6  _printf_llu.o(.ARM.Collect$$_printf_percent$$0000000F)
    .ARM.Collect$$_printf_percent$$00000010  0x08000202   Section        6  _printf_llo.o(.ARM.Collect$$_printf_percent$$00000010)
    .ARM.Collect$$_printf_percent$$00000011  0x08000208   Section        6  _printf_llx.o(.ARM.Collect$$_printf_percent$$00000011)
    .ARM.Collect$$_printf_percent$$00000012  0x0800020e   Section       10  _printf_l.o(.ARM.Collect$$_printf_percent$$00000012)
    .ARM.Collect$$_printf_percent$$00000013  0x08000218   Section        6  _printf_c.o(.ARM.Collect$$_printf_percent$$00000013)
    .ARM.Collect$$_printf_percent$$00000014  0x0800021e   Section        6  _printf_s.o(.ARM.Collect$$_printf_percent$$00000014)
    .ARM.Collect$$_printf_percent$$00000015  0x08000224   Section        6  _printf_lc.o(.ARM.Collect$$_printf_percent$$00000015)
    .ARM.Collect$$_printf_percent$$00000016  0x0800022a   Section        6  _printf_ls.o(.ARM.Collect$$_printf_percent$$00000016)
    .ARM.Collect$$_printf_percent$$00000017  0x08000230   Section        4  _printf_percent_end.o(.ARM.Collect$$_printf_percent$$00000017)
    .ARM.Collect$$libinit$$00000000          0x08000234   Section        2  libinit.o(.ARM.Collect$$libinit$$00000000)
    .ARM.Collect$$libinit$$00000002          0x08000236   Section        0  libinit2.o(.ARM.Collect$$libinit$$00000002)
    .ARM.Collect$$libinit$$00000004          0x08000236   Section        0  libinit2.o(.ARM.Collect$$libinit$$00000004)
    .ARM.Collect$$libinit$$0000000A          0x08000236   Section        0  libinit2.o(.ARM.Collect$$libinit$$0000000A)
    .ARM.Collect$$libinit$$0000000C          0x08000236   Section        0  libinit2.o(.ARM.Collect$$libinit$$0000000C)
    .ARM.Collect$$libinit$$0000000E          0x08000236   Section        0  libinit2.o(.ARM.Collect$$libinit$$0000000E)
    .ARM.Collect$$libinit$$0000000F          0x08000236   Section        6  libinit2.o(.ARM.Collect$$libinit$$0000000F)
    .ARM.Collect$$libinit$$00000011          0x0800023c   Section        0  libinit2.o(.ARM.Collect$$libinit$$00000011)
    .ARM.Collect$$libinit$$00000012          0x0800023c   Section       12  libinit2.o(.ARM.Collect$$libinit$$00000012)
    .ARM.Collect$$libinit$$00000013          0x08000248   Section        0  libinit2.o(.ARM.Collect$$libinit$$00000013)
    .ARM.Collect$$libinit$$00000015          0x08000248   Section        0  libinit2.o(.ARM.Collect$$libinit$$00000015)
    .ARM.Collect$$libinit$$00000016          0x08000248   Section       10  libinit2.o(.ARM.Collect$$libinit$$00000016)
    .ARM.Collect$$libinit$$00000017          0x08000252   Section        0  libinit2.o(.ARM.Collect$$libinit$$00000017)
    .ARM.Collect$$libinit$$00000019          0x08000252   Section        0  libinit2.o(.ARM.Collect$$libinit$$00000019)
    .ARM.Collect$$libinit$$0000001B          0x08000252   Section        0  libinit2.o(.ARM.Collect$$libinit$$0000001B)
    .ARM.Collect$$libinit$$0000001D          0x08000252   Section        0  libinit2.o(.ARM.Collect$$libinit$$0000001D)
    .ARM.Collect$$libinit$$0000001F          0x08000252   Section        0  libinit2.o(.ARM.Collect$$libinit$$0000001F)
    .ARM.Collect$$libinit$$00000021          0x08000252   Section        0  libinit2.o(.ARM.Collect$$libinit$$00000021)
    .ARM.Collect$$libinit$$00000023          0x08000252   Section        0  libinit2.o(.ARM.Collect$$libinit$$00000023)
    .ARM.Collect$$libinit$$00000025          0x08000252   Section        0  libinit2.o(.ARM.Collect$$libinit$$00000025)
    .ARM.Collect$$libinit$$0000002C          0x08000252   Section        0  libinit2.o(.ARM.Collect$$libinit$$0000002C)
    .ARM.Collect$$libinit$$0000002E          0x08000252   Section        0  libinit2.o(.ARM.Collect$$libinit$$0000002E)
    .ARM.Collect$$libinit$$00000030          0x08000252   Section        0  libinit2.o(.ARM.Collect$$libinit$$00000030)
    .ARM.Collect$$libinit$$00000032          0x08000252   Section        0  libinit2.o(.ARM.Collect$$libinit$$00000032)
    .ARM.Collect$$libinit$$00000033          0x08000252   Section        2  libinit2.o(.ARM.Collect$$libinit$$00000033)
    .ARM.Collect$$libshutdown$$00000000      0x08000254   Section        2  libshutdown.o(.ARM.Collect$$libshutdown$$00000000)
    .ARM.Collect$$libshutdown$$00000003      0x08000256   Section        0  libshutdown2.o(.ARM.Collect$$libshutdown$$00000003)
    .ARM.Collect$$libshutdown$$00000006      0x08000256   Section        0  libshutdown2.o(.ARM.Collect$$libshutdown$$00000006)
    .ARM.Collect$$libshutdown$$00000009      0x08000256   Section        0  libshutdown2.o(.ARM.Collect$$libshutdown$$00000009)
    .ARM.Collect$$libshutdown$$0000000B      0x08000256   Section        0  libshutdown2.o(.ARM.Collect$$libshutdown$$0000000B)
    .ARM.Collect$$libshutdown$$0000000E      0x08000256   Section        0  libshutdown2.o(.ARM.Collect$$libshutdown$$0000000E)
    .ARM.Collect$$libshutdown$$0000000F      0x08000256   Section        2  libshutdown2.o(.ARM.Collect$$libshutdown$$0000000F)
    .ARM.Collect$$rtentry$$00000000          0x08000258   Section        0  __rtentry.o(.ARM.Collect$$rtentry$$00000000)
    .ARM.Collect$$rtentry$$00000002          0x08000258   Section        0  __rtentry2.o(.ARM.Collect$$rtentry$$00000002)
    .ARM.Collect$$rtentry$$00000004          0x08000258   Section        6  __rtentry4.o(.ARM.Collect$$rtentry$$00000004)
    .ARM.Collect$$rtentry$$00000009          0x0800025e   Section        0  __rtentry2.o(.ARM.Collect$$rtentry$$00000009)
    .ARM.Collect$$rtentry$$0000000A          0x0800025e   Section        4  __rtentry2.o(.ARM.Collect$$rtentry$$0000000A)
    .ARM.Collect$$rtentry$$0000000C          0x08000262   Section        0  __rtentry2.o(.ARM.Collect$$rtentry$$0000000C)
    .ARM.Collect$$rtentry$$0000000D          0x08000262   Section        8  __rtentry2.o(.ARM.Collect$$rtentry$$0000000D)
    .ARM.Collect$$rtexit$$00000000           0x0800026a   Section        2  rtexit.o(.ARM.Collect$$rtexit$$00000000)
    .ARM.Collect$$rtexit$$00000002           0x0800026c   Section        0  rtexit2.o(.ARM.Collect$$rtexit$$00000002)
    .ARM.Collect$$rtexit$$00000003           0x0800026c   Section        4  rtexit2.o(.ARM.Collect$$rtexit$$00000003)
    .ARM.Collect$$rtexit$$00000004           0x08000270   Section        6  rtexit2.o(.ARM.Collect$$rtexit$$00000004)
    .text                                    0x08000278   Section        0  main.o(.text)
    .text                                    0x08000350   Section        0  led.o(.text)
    .text                                    0x080003ac   Section        0  key.o(.text)
    .text                                    0x080004a8   Section        0  delay.o(.text)
    .text                                    0x08000554   Section        0  sys.o(.text)
    .text                                    0x08000560   Section        0  usart.o(.text)
    .text                                    0x08000830   Section        0  timer.o(.text)
    .text                                    0x080009fc   Section       64  startup_stm32f10x_hd.o(.text)
    .text                                    0x08000a3c   Section        0  stm32f10x_it.o(.text)
    .text                                    0x08000a58   Section        0  system_stm32f10x.o(.text)
    SetSysClockTo72                          0x08000a59   Thumb Code   214  system_stm32f10x.o(.text)
    SetSysClock                              0x08000b2f   Thumb Code     8  system_stm32f10x.o(.text)
    .text                                    0x08000c38   Section        0  misc.o(.text)
    .text                                    0x08000d14   Section        0  stm32f10x_exti.o(.text)
    .text                                    0x08000e30   Section        0  stm32f10x_gpio.o(.text)
    .text                                    0x0800118c   Section        0  stm32f10x_rcc.o(.text)
    .text                                    0x08001530   Section        0  stm32f10x_tim.o(.text)
    TI4_Config                               0x080019d7   Thumb Code   130  stm32f10x_tim.o(.text)
    TI3_Config                               0x08001a6b   Thumb Code   122  stm32f10x_tim.o(.text)
    TI2_Config                               0x08001aff   Thumb Code   130  stm32f10x_tim.o(.text)
    TI1_Config                               0x08001b93   Thumb Code   108  stm32f10x_tim.o(.text)
    .text                                    0x0800234c   Section        0  stm32f10x_usart.o(.text)
    .text                                    0x08002754   Section        0  c89vsprintf.o(.text)
    .text                                    0x08002778   Section        0  strstr.o(.text)
    .text                                    0x0800279c   Section       68  rt_memclr.o(.text)
    .text                                    0x080027e0   Section        0  heapauxi.o(.text)
    .text                                    0x080027e6   Section        0  _printf_pad.o(.text)
    .text                                    0x08002834   Section        0  _printf_truncate.o(.text)
    .text                                    0x08002858   Section        0  _printf_str.o(.text)
    .text                                    0x080028ac   Section        0  _printf_dec.o(.text)
    .text                                    0x08002924   Section        0  _printf_charcount.o(.text)
    .text                                    0x0800294c   Section        0  _printf_char_common.o(.text)
    _printf_input_char                       0x0800294d   Thumb Code    10  _printf_char_common.o(.text)
    .text                                    0x0800297c   Section        0  _sputc.o(.text)
    .text                                    0x08002988   Section        0  _printf_wctomb.o(.text)
    .text                                    0x08002a44   Section        0  _printf_longlong_dec.o(.text)
    .text                                    0x08002ac0   Section        0  _printf_oct_int_ll.o(.text)
    _printf_longlong_oct_internal            0x08002ac1   Thumb Code     0  _printf_oct_int_ll.o(.text)
    .text                                    0x08002b30   Section        0  _printf_hex_int_ll_ptr.o(.text)
    _printf_hex_common                       0x08002b31   Thumb Code     0  _printf_hex_int_ll_ptr.o(.text)
    .text                                    0x08002bc4   Section        0  __printf_flags_ss_wp.o(.text)
    .text                                    0x08002d4c   Section       78  rt_memclr_w.o(.text)
    .text                                    0x08002d9a   Section      138  lludiv10.o(.text)
    .text                                    0x08002e24   Section        0  _printf_intcommon.o(.text)
    .text                                    0x08002ed6   Section        0  _printf_fp_dec.o(.text)
    _fp_digits                               0x08002ed9   Thumb Code   428  _printf_fp_dec.o(.text)
    .text                                    0x080032f0   Section        0  _printf_char.o(.text)
    .text                                    0x0800331c   Section        0  _printf_wchar.o(.text)
    .text                                    0x08003348   Section        0  _wcrtomb.o(.text)
    .text                                    0x08003388   Section       74  sys_stackheap_outer.o(.text)
    .text                                    0x080033d4   Section       16  rt_ctype_table.o(.text)
    .text                                    0x080033e4   Section        8  rt_locale_intlibspace.o(.text)
    .text                                    0x080033ec   Section        0  _printf_fp_infnan.o(.text)
    .text                                    0x0800346c   Section        0  bigflt0.o(.text)
    .text                                    0x08003548   Section        0  exit.o(.text)
    .text                                    0x08003554   Section        8  libspace.o(.text)
    .text                                    0x0800355c   Section      128  strcmpv7m.o(.text)
    .text                                    0x080035dc   Section        0  sys_exit.o(.text)
    .text                                    0x080035e8   Section        2  use_no_semi.o(.text)
    .text                                    0x080035ea   Section        0  indicate_semi.o(.text)
    CL$$btod_d2e                             0x080035ea   Section       62  btod.o(CL$$btod_d2e)
    CL$$btod_d2e_denorm_low                  0x08003628   Section       70  btod.o(CL$$btod_d2e_denorm_low)
    CL$$btod_d2e_norm_op1                    0x0800366e   Section       96  btod.o(CL$$btod_d2e_norm_op1)
    CL$$btod_div_common                      0x080036ce   Section      824  btod.o(CL$$btod_div_common)
    CL$$btod_e2e                             0x08003a06   Section      198  btod.o(CL$$btod_e2e)
    CL$$btod_ediv                            0x08003acc   Section       40  btod.o(CL$$btod_ediv)
    CL$$btod_emul                            0x08003af4   Section       40  btod.o(CL$$btod_emul)
    CL$$btod_mult_common                     0x08003b1c   Section      580  btod.o(CL$$btod_mult_common)
    i.__ARM_fpclassify                       0x08003d60   Section        0  fpclassify.o(i.__ARM_fpclassify)
    i._is_digit                              0x08003d88   Section        0  __printf_wp.o(i._is_digit)
    locale$$code                             0x08003d98   Section       44  lc_numeric_c.o(locale$$code)
    locale$$code                             0x08003dc4   Section       44  lc_ctype_c.o(locale$$code)
    x$fpl$printf1                            0x08003df0   Section        4  printf1.o(x$fpl$printf1)
    .constdata                               0x08003df4   Section        8  _printf_wctomb.o(.constdata)
    x$fpl$usenofp                            0x08003df4   Section        0  usenofp.o(x$fpl$usenofp)
    initial_mbstate                          0x08003df4   Data           8  _printf_wctomb.o(.constdata)
    .constdata                               0x08003dfc   Section       40  _printf_hex_int_ll_ptr.o(.constdata)
    uc_hextab                                0x08003dfc   Data          20  _printf_hex_int_ll_ptr.o(.constdata)
    lc_hextab                                0x08003e10   Data          20  _printf_hex_int_ll_ptr.o(.constdata)
    .constdata                               0x08003e24   Section       17  __printf_flags_ss_wp.o(.constdata)
    maptable                                 0x08003e24   Data          17  __printf_flags_ss_wp.o(.constdata)
    .constdata                               0x08003e38   Section      148  bigflt0.o(.constdata)
    tenpwrs_x                                0x08003e38   Data          60  bigflt0.o(.constdata)
    tenpwrs_i                                0x08003e74   Data          64  bigflt0.o(.constdata)
    .conststring                             0x08003ecc   Section       89  main.o(.conststring)
    locale$$data                             0x08003f48   Section       28  lc_numeric_c.o(locale$$data)
    __lcnum_c_name                           0x08003f4c   Data           2  lc_numeric_c.o(locale$$data)
    __lcnum_c_start                          0x08003f54   Data           0  lc_numeric_c.o(locale$$data)
    __lcnum_c_point                          0x08003f60   Data           0  lc_numeric_c.o(locale$$data)
    __lcnum_c_thousands                      0x08003f62   Data           0  lc_numeric_c.o(locale$$data)
    __lcnum_c_grouping                       0x08003f63   Data           0  lc_numeric_c.o(locale$$data)
    locale$$data                             0x08003f64   Section      272  lc_ctype_c.o(locale$$data)
    __lcnum_c_end                            0x08003f64   Data           0  lc_numeric_c.o(locale$$data)
    __lcctype_c_name                         0x08003f68   Data           2  lc_ctype_c.o(locale$$data)
    __lcctype_c_start                        0x08003f70   Data           0  lc_ctype_c.o(locale$$data)
    __lcctype_c_end                          0x08004074   Data           0  lc_ctype_c.o(locale$$data)
    .data                                    0x20000000   Section       40  main.o(.data)
    .data                                    0x20000028   Section        2  hc_sr04.o(.data)
    .data                                    0x2000002a   Section        4  delay.o(.data)
    fac_us                                   0x2000002a   Data           1  delay.o(.data)
    fac_ms                                   0x2000002c   Data           2  delay.o(.data)
    .data                                    0x2000002e   Section        2  usart.o(.data)
    .data                                    0x20000030   Section       20  system_stm32f10x.o(.data)
    .data                                    0x20000044   Section       20  stm32f10x_rcc.o(.data)
    APBAHBPrescTable                         0x20000044   Data          16  stm32f10x_rcc.o(.data)
    ADCPrescTable                            0x20000054   Data           4  stm32f10x_rcc.o(.data)
    .bss                                     0x20000058   Section      128  main.o(.bss)
    .bss                                     0x200000d8   Section      121  usart.o(.bss)
    .bss                                     0x20000154   Section       96  libspace.o(.bss)
    HEAP                                     0x200001b8   Section      512  startup_stm32f10x_hd.o(HEAP)
    Heap_Mem                                 0x200001b8   Data         512  startup_stm32f10x_hd.o(HEAP)
    STACK                                    0x200003b8   Section     1024  startup_stm32f10x_hd.o(STACK)
    Stack_Mem                                0x200003b8   Data        1024  startup_stm32f10x_hd.o(STACK)
    __initial_sp                             0x200007b8   Data           0  startup_stm32f10x_hd.o(STACK)

    Global Symbols

    Symbol Name                              Value     Ov Type        Size  Object(Section)

    BuildAttributes$$THM_ISAv4$P$D$K$B$S$PE$A:L22UL41UL21$X:L11$S22US41US21$IEEE1$IW$USESV6$~STKCKD$USESV7$~SHL$OTIME$ROPI$IEEEJ$EBA8$UX$STANDARDLIB$REQ8$PRES8$EABIv2 0x00000000   Number         0  anon$$obj.o ABSOLUTE
    __ARM_use_no_argv                        0x00000000   Number         0  main.o ABSOLUTE
    _printf_flags                            0x00000000   Number         0  printf_stubs.o ABSOLUTE
    _printf_return_value                     0x00000000   Number         0  printf_stubs.o ABSOLUTE
    _printf_sizespec                         0x00000000   Number         0  printf_stubs.o ABSOLUTE
    _printf_widthprec                        0x00000000   Number         0  printf_stubs.o ABSOLUTE
    __ARM_exceptions_init                     - Undefined Weak Reference
    __alloca_initialize                       - Undefined Weak Reference
    __arm_preinit_                            - Undefined Weak Reference
    __cpp_initialize__aeabi_                  - Undefined Weak Reference
    __cxa_finalize                            - Undefined Weak Reference
    __sigvec_lookup                           - Undefined Weak Reference
    _atexit_init                              - Undefined Weak Reference
    _call_atexit_fns                          - Undefined Weak Reference
    _clock_init                               - Undefined Weak Reference
    _fp_trap_init                             - Undefined Weak Reference
    _fp_trap_shutdown                         - Undefined Weak Reference
    _get_lc_collate                           - Undefined Weak Reference
    _get_lc_monetary                          - Undefined Weak Reference
    _get_lc_time                              - Undefined Weak Reference
    _getenv_init                              - Undefined Weak Reference
    _handle_redirection                       - Undefined Weak Reference
    _init_alloc                               - Undefined Weak Reference
    _init_user_alloc                          - Undefined Weak Reference
    _initio                                   - Undefined Weak Reference
    _printf_fp_hex                            - Undefined Weak Reference
    _printf_mbtowc                            - Undefined Weak Reference
    _printf_wc                                - Undefined Weak Reference
    _rand_init                                - Undefined Weak Reference
    _signal_finish                            - Undefined Weak Reference
    _signal_init                              - Undefined Weak Reference
    _terminate_alloc                          - Undefined Weak Reference
    _terminate_user_alloc                     - Undefined Weak Reference
    _terminateio                              - Undefined Weak Reference
    __Vectors_Size                           0x00000130   Number         0  startup_stm32f10x_hd.o ABSOLUTE
    __Vectors                                0x08000000   Data           4  startup_stm32f10x_hd.o(RESET)
    __Vectors_End                            0x08000130   Data           0  startup_stm32f10x_hd.o(RESET)
    __main                                   0x08000131   Thumb Code     8  __main.o(!!!main)
    __scatterload                            0x08000139   Thumb Code     0  __scatter.o(!!!scatter)
    __scatterload_rt2                        0x08000139   Thumb Code    44  __scatter.o(!!!scatter)
    __scatterload_rt2_thumb_only             0x08000139   Thumb Code     0  __scatter.o(!!!scatter)
    __scatterload_null                       0x08000147   Thumb Code     0  __scatter.o(!!!scatter)
    __scatterload_copy                       0x0800016d   Thumb Code    26  __scatter_copy.o(!!handler_copy)
    __scatterload_zeroinit                   0x08000189   Thumb Code    28  __scatter_zi.o(!!handler_zi)
    _printf_n                                0x080001a5   Thumb Code     0  _printf_n.o(.ARM.Collect$$_printf_percent$$00000001)
    _printf_percent                          0x080001a5   Thumb Code     0  _printf_percent.o(.ARM.Collect$$_printf_percent$$00000000)
    _printf_p                                0x080001ab   Thumb Code     0  _printf_p.o(.ARM.Collect$$_printf_percent$$00000002)
    _printf_f                                0x080001b1   Thumb Code     0  _printf_f.o(.ARM.Collect$$_printf_percent$$00000003)
    _printf_e                                0x080001b7   Thumb Code     0  _printf_e.o(.ARM.Collect$$_printf_percent$$00000004)
    _printf_g                                0x080001bd   Thumb Code     0  _printf_g.o(.ARM.Collect$$_printf_percent$$00000005)
    _printf_a                                0x080001c3   Thumb Code     0  _printf_a.o(.ARM.Collect$$_printf_percent$$00000006)
    _printf_ll                               0x080001c9   Thumb Code     0  _printf_ll.o(.ARM.Collect$$_printf_percent$$00000007)
    _printf_i                                0x080001d3   Thumb Code     0  _printf_i.o(.ARM.Collect$$_printf_percent$$00000008)
    _printf_d                                0x080001d9   Thumb Code     0  _printf_d.o(.ARM.Collect$$_printf_percent$$00000009)
    _printf_u                                0x080001df   Thumb Code     0  _printf_u.o(.ARM.Collect$$_printf_percent$$0000000A)
    _printf_o                                0x080001e5   Thumb Code     0  _printf_o.o(.ARM.Collect$$_printf_percent$$0000000B)
    _printf_x                                0x080001eb   Thumb Code     0  _printf_x.o(.ARM.Collect$$_printf_percent$$0000000C)
    _printf_lli                              0x080001f1   Thumb Code     0  _printf_lli.o(.ARM.Collect$$_printf_percent$$0000000D)
    _printf_lld                              0x080001f7   Thumb Code     0  _printf_lld.o(.ARM.Collect$$_printf_percent$$0000000E)
    _printf_llu                              0x080001fd   Thumb Code     0  _printf_llu.o(.ARM.Collect$$_printf_percent$$0000000F)
    _printf_llo                              0x08000203   Thumb Code     0  _printf_llo.o(.ARM.Collect$$_printf_percent$$00000010)
    _printf_llx                              0x08000209   Thumb Code     0  _printf_llx.o(.ARM.Collect$$_printf_percent$$00000011)
    _printf_l                                0x0800020f   Thumb Code     0  _printf_l.o(.ARM.Collect$$_printf_percent$$00000012)
    _printf_c                                0x08000219   Thumb Code     0  _printf_c.o(.ARM.Collect$$_printf_percent$$00000013)
    _printf_s                                0x0800021f   Thumb Code     0  _printf_s.o(.ARM.Collect$$_printf_percent$$00000014)
    _printf_lc                               0x08000225   Thumb Code     0  _printf_lc.o(.ARM.Collect$$_printf_percent$$00000015)
    _printf_ls                               0x0800022b   Thumb Code     0  _printf_ls.o(.ARM.Collect$$_printf_percent$$00000016)
    _printf_percent_end                      0x08000231   Thumb Code     0  _printf_percent_end.o(.ARM.Collect$$_printf_percent$$00000017)
    __rt_lib_init                            0x08000235   Thumb Code     0  libinit.o(.ARM.Collect$$libinit$$00000000)
    __rt_lib_init_fp_1                       0x08000237   Thumb Code     0  libinit2.o(.ARM.Collect$$libinit$$00000002)
    __rt_lib_init_heap_1                     0x08000237   Thumb Code     0  libinit2.o(.ARM.Collect$$libinit$$0000000A)
    __rt_lib_init_lc_common                  0x08000237   Thumb Code     0  libinit2.o(.ARM.Collect$$libinit$$0000000F)
    __rt_lib_init_preinit_1                  0x08000237   Thumb Code     0  libinit2.o(.ARM.Collect$$libinit$$00000004)
    __rt_lib_init_rand_1                     0x08000237   Thumb Code     0  libinit2.o(.ARM.Collect$$libinit$$0000000E)
    __rt_lib_init_user_alloc_1               0x08000237   Thumb Code     0  libinit2.o(.ARM.Collect$$libinit$$0000000C)
    __rt_lib_init_lc_collate_1               0x0800023d   Thumb Code     0  libinit2.o(.ARM.Collect$$libinit$$00000011)
    __rt_lib_init_lc_ctype_2                 0x0800023d   Thumb Code     0  libinit2.o(.ARM.Collect$$libinit$$00000012)
    __rt_lib_init_lc_ctype_1                 0x08000249   Thumb Code     0  libinit2.o(.ARM.Collect$$libinit$$00000013)
    __rt_lib_init_lc_monetary_1              0x08000249   Thumb Code     0  libinit2.o(.ARM.Collect$$libinit$$00000015)
    __rt_lib_init_lc_numeric_2               0x08000249   Thumb Code     0  libinit2.o(.ARM.Collect$$libinit$$00000016)
    __rt_lib_init_alloca_1                   0x08000253   Thumb Code     0  libinit2.o(.ARM.Collect$$libinit$$0000002E)
    __rt_lib_init_argv_1                     0x08000253   Thumb Code     0  libinit2.o(.ARM.Collect$$libinit$$0000002C)
    __rt_lib_init_atexit_1                   0x08000253   Thumb Code     0  libinit2.o(.ARM.Collect$$libinit$$0000001B)
    __rt_lib_init_clock_1                    0x08000253   Thumb Code     0  libinit2.o(.ARM.Collect$$libinit$$00000021)
    __rt_lib_init_cpp_1                      0x08000253   Thumb Code     0  libinit2.o(.ARM.Collect$$libinit$$00000032)
    __rt_lib_init_exceptions_1               0x08000253   Thumb Code     0  libinit2.o(.ARM.Collect$$libinit$$00000030)
    __rt_lib_init_fp_trap_1                  0x08000253   Thumb Code     0  libinit2.o(.ARM.Collect$$libinit$$0000001F)
    __rt_lib_init_getenv_1                   0x08000253   Thumb Code     0  libinit2.o(.ARM.Collect$$libinit$$00000023)
    __rt_lib_init_lc_numeric_1               0x08000253   Thumb Code     0  libinit2.o(.ARM.Collect$$libinit$$00000017)
    __rt_lib_init_lc_time_1                  0x08000253   Thumb Code     0  libinit2.o(.ARM.Collect$$libinit$$00000019)
    __rt_lib_init_return                     0x08000253   Thumb Code     0  libinit2.o(.ARM.Collect$$libinit$$00000033)
    __rt_lib_init_signal_1                   0x08000253   Thumb Code     0  libinit2.o(.ARM.Collect$$libinit$$0000001D)
    __rt_lib_init_stdio_1                    0x08000253   Thumb Code     0  libinit2.o(.ARM.Collect$$libinit$$00000025)
    __rt_lib_shutdown                        0x08000255   Thumb Code     0  libshutdown.o(.ARM.Collect$$libshutdown$$00000000)
    __rt_lib_shutdown_fp_trap_1              0x08000257   Thumb Code     0  libshutdown2.o(.ARM.Collect$$libshutdown$$00000006)
    __rt_lib_shutdown_heap_1                 0x08000257   Thumb Code     0  libshutdown2.o(.ARM.Collect$$libshutdown$$0000000E)
    __rt_lib_shutdown_return                 0x08000257   Thumb Code     0  libshutdown2.o(.ARM.Collect$$libshutdown$$0000000F)
    __rt_lib_shutdown_signal_1               0x08000257   Thumb Code     0  libshutdown2.o(.ARM.Collect$$libshutdown$$00000009)
    __rt_lib_shutdown_stdio_1                0x08000257   Thumb Code     0  libshutdown2.o(.ARM.Collect$$libshutdown$$00000003)
    __rt_lib_shutdown_user_alloc_1           0x08000257   Thumb Code     0  libshutdown2.o(.ARM.Collect$$libshutdown$$0000000B)
    __rt_entry                               0x08000259   Thumb Code     0  __rtentry.o(.ARM.Collect$$rtentry$$00000000)
    __rt_entry_presh_1                       0x08000259   Thumb Code     0  __rtentry2.o(.ARM.Collect$$rtentry$$00000002)
    __rt_entry_sh                            0x08000259   Thumb Code     0  __rtentry4.o(.ARM.Collect$$rtentry$$00000004)
    __rt_entry_li                            0x0800025f   Thumb Code     0  __rtentry2.o(.ARM.Collect$$rtentry$$0000000A)
    __rt_entry_postsh_1                      0x0800025f   Thumb Code     0  __rtentry2.o(.ARM.Collect$$rtentry$$00000009)
    __rt_entry_main                          0x08000263   Thumb Code     0  __rtentry2.o(.ARM.Collect$$rtentry$$0000000D)
    __rt_entry_postli_1                      0x08000263   Thumb Code     0  __rtentry2.o(.ARM.Collect$$rtentry$$0000000C)
    __rt_exit                                0x0800026b   Thumb Code     0  rtexit.o(.ARM.Collect$$rtexit$$00000000)
    __rt_exit_ls                             0x0800026d   Thumb Code     0  rtexit2.o(.ARM.Collect$$rtexit$$00000003)
    __rt_exit_prels_1                        0x0800026d   Thumb Code     0  rtexit2.o(.ARM.Collect$$rtexit$$00000002)
    __rt_exit_exit                           0x08000271   Thumb Code     0  rtexit2.o(.ARM.Collect$$rtexit$$00000004)
    LED_Iest                                 0x08000279   Thumb Code   124  main.o(.text)
    Board_Init                               0x080002f5   Thumb Code    26  main.o(.text)
    main                                     0x0800030f   Thumb Code    22  main.o(.text)
    KEY_Test                                 0x08000325   Thumb Code    32  main.o(.text)
    LED_Init                                 0x08000351   Thumb Code    88  led.o(.text)
    KEY_Init                                 0x080003ad   Thumb Code    92  key.o(.text)
    KEY_Scan                                 0x08000409   Thumb Code    40  key.o(.text)
    EXTIX_KEY_Init                           0x08000431   Thumb Code    76  key.o(.text)
    EXTI3_IRQHandler                         0x0800047d   Thumb Code    34  key.o(.text)
    Delay_Init                               0x080004a9   Thumb Code    52  delay.o(.text)
    delay_ms                                 0x080004dd   Thumb Code    56  delay.o(.text)
    delay_us                                 0x08000515   Thumb Code    56  delay.o(.text)
    NVIC_Configuration                       0x08000555   Thumb Code    12  sys.o(.text)
    Usart1_Init                              0x08000561   Thumb Code   166  usart.o(.text)
    Usart2_Init                              0x08000607   Thumb Code   162  usart.o(.text)
    Usart_SendString                         0x080006a9   Thumb Code    50  usart.o(.text)
    UsartPrintf                              0x080006db   Thumb Code    68  usart.o(.text)
    USART1_IRQHandler                        0x0800071f   Thumb Code    62  usart.o(.text)
    USART2_IRQHandler                        0x0800075d   Thumb Code    62  usart.o(.text)
    Hand                                     0x0800079b   Thumb Code    22  usart.o(.text)
    CLR_Buf                                  0x080007b1   Thumb Code    18  usart.o(.text)
    clrStruct                                0x080007c3   Thumb Code    72  usart.o(.text)
    Timer6_Init                              0x08000831   Thumb Code    78  timer.o(.text)
    Timer3_Init                              0x0800087f   Thumb Code    88  timer.o(.text)
    Timer4_Init                              0x080008d7   Thumb Code    90  timer.o(.text)
    Timer1_Init                              0x08000931   Thumb Code    84  timer.o(.text)
    TIM1_UP_IRQHandler                       0x08000985   Thumb Code    32  timer.o(.text)
    TIM3_IRQHandler                          0x080009a5   Thumb Code    22  timer.o(.text)
    TIM4_IRQHandler                          0x080009bb   Thumb Code    22  timer.o(.text)
    TIM6_IRQHandler                          0x080009d1   Thumb Code    22  timer.o(.text)
    Reset_Handler                            0x080009fd   Thumb Code     8  startup_stm32f10x_hd.o(.text)
    ADC1_2_IRQHandler                        0x08000a17   Thumb Code     0  startup_stm32f10x_hd.o(.text)
    ADC3_IRQHandler                          0x08000a17   Thumb Code     0  startup_stm32f10x_hd.o(.text)
    CAN1_RX1_IRQHandler                      0x08000a17   Thumb Code     0  startup_stm32f10x_hd.o(.text)
    CAN1_SCE_IRQHandler                      0x08000a17   Thumb Code     0  startup_stm32f10x_hd.o(.text)
    DMA1_Channel1_IRQHandler                 0x08000a17   Thumb Code     0  startup_stm32f10x_hd.o(.text)
    DMA1_Channel2_IRQHandler                 0x08000a17   Thumb Code     0  startup_stm32f10x_hd.o(.text)
    DMA1_Channel3_IRQHandler                 0x08000a17   Thumb Code     0  startup_stm32f10x_hd.o(.text)
    DMA1_Channel4_IRQHandler                 0x08000a17   Thumb Code     0  startup_stm32f10x_hd.o(.text)
    DMA1_Channel5_IRQHandler                 0x08000a17   Thumb Code     0  startup_stm32f10x_hd.o(.text)
    DMA1_Channel6_IRQHandler                 0x08000a17   Thumb Code     0  startup_stm32f10x_hd.o(.text)
    DMA1_Channel7_IRQHandler                 0x08000a17   Thumb Code     0  startup_stm32f10x_hd.o(.text)
    DMA2_Channel1_IRQHandler                 0x08000a17   Thumb Code     0  startup_stm32f10x_hd.o(.text)
    DMA2_Channel2_IRQHandler                 0x08000a17   Thumb Code     0  startup_stm32f10x_hd.o(.text)
    DMA2_Channel3_IRQHandler                 0x08000a17   Thumb Code     0  startup_stm32f10x_hd.o(.text)
    DMA2_Channel4_5_IRQHandler               0x08000a17   Thumb Code     0  startup_stm32f10x_hd.o(.text)
    EXTI0_IRQHandler                         0x08000a17   Thumb Code     0  startup_stm32f10x_hd.o(.text)
    EXTI15_10_IRQHandler                     0x08000a17   Thumb Code     0  startup_stm32f10x_hd.o(.text)
    EXTI1_IRQHandler                         0x08000a17   Thumb Code     0  startup_stm32f10x_hd.o(.text)
    EXTI2_IRQHandler                         0x08000a17   Thumb Code     0  startup_stm32f10x_hd.o(.text)
    EXTI4_IRQHandler                         0x08000a17   Thumb Code     0  startup_stm32f10x_hd.o(.text)
    EXTI9_5_IRQHandler                       0x08000a17   Thumb Code     0  startup_stm32f10x_hd.o(.text)
    FLASH_IRQHandler                         0x08000a17   Thumb Code     0  startup_stm32f10x_hd.o(.text)
    FSMC_IRQHandler                          0x08000a17   Thumb Code     0  startup_stm32f10x_hd.o(.text)
    I2C1_ER_IRQHandler                       0x08000a17   Thumb Code     0  startup_stm32f10x_hd.o(.text)
    I2C1_EV_IRQHandler                       0x08000a17   Thumb Code     0  startup_stm32f10x_hd.o(.text)
    I2C2_ER_IRQHandler                       0x08000a17   Thumb Code     0  startup_stm32f10x_hd.o(.text)
    I2C2_EV_IRQHandler                       0x08000a17   Thumb Code     0  startup_stm32f10x_hd.o(.text)
    PVD_IRQHandler                           0x08000a17   Thumb Code     0  startup_stm32f10x_hd.o(.text)
    RCC_IRQHandler                           0x08000a17   Thumb Code     0  startup_stm32f10x_hd.o(.text)
    RTCAlarm_IRQHandler                      0x08000a17   Thumb Code     0  startup_stm32f10x_hd.o(.text)
    RTC_IRQHandler                           0x08000a17   Thumb Code     0  startup_stm32f10x_hd.o(.text)
    SDIO_IRQHandler                          0x08000a17   Thumb Code     0  startup_stm32f10x_hd.o(.text)
    SPI1_IRQHandler                          0x08000a17   Thumb Code     0  startup_stm32f10x_hd.o(.text)
    SPI2_IRQHandler                          0x08000a17   Thumb Code     0  startup_stm32f10x_hd.o(.text)
    SPI3_IRQHandler                          0x08000a17   Thumb Code     0  startup_stm32f10x_hd.o(.text)
    TAMPER_IRQHandler                        0x08000a17   Thumb Code     0  startup_stm32f10x_hd.o(.text)
    TIM1_BRK_IRQHandler                      0x08000a17   Thumb Code     0  startup_stm32f10x_hd.o(.text)
    TIM1_CC_IRQHandler                       0x08000a17   Thumb Code     0  startup_stm32f10x_hd.o(.text)
    TIM1_TRG_COM_IRQHandler                  0x08000a17   Thumb Code     0  startup_stm32f10x_hd.o(.text)
    TIM2_IRQHandler                          0x08000a17   Thumb Code     0  startup_stm32f10x_hd.o(.text)
    TIM5_IRQHandler                          0x08000a17   Thumb Code     0  startup_stm32f10x_hd.o(.text)
    TIM7_IRQHandler                          0x08000a17   Thumb Code     0  startup_stm32f10x_hd.o(.text)
    TIM8_BRK_IRQHandler                      0x08000a17   Thumb Code     0  startup_stm32f10x_hd.o(.text)
    TIM8_CC_IRQHandler                       0x08000a17   Thumb Code     0  startup_stm32f10x_hd.o(.text)
    TIM8_TRG_COM_IRQHandler                  0x08000a17   Thumb Code     0  startup_stm32f10x_hd.o(.text)
    TIM8_UP_IRQHandler                       0x08000a17   Thumb Code     0  startup_stm32f10x_hd.o(.text)
    UART4_IRQHandler                         0x08000a17   Thumb Code     0  startup_stm32f10x_hd.o(.text)
    UART5_IRQHandler                         0x08000a17   Thumb Code     0  startup_stm32f10x_hd.o(.text)
    USART3_IRQHandler                        0x08000a17   Thumb Code     0  startup_stm32f10x_hd.o(.text)
    USBWakeUp_IRQHandler                     0x08000a17   Thumb Code     0  startup_stm32f10x_hd.o(.text)
    USB_HP_CAN1_TX_IRQHandler                0x08000a17   Thumb Code     0  startup_stm32f10x_hd.o(.text)
    USB_LP_CAN1_RX0_IRQHandler               0x08000a17   Thumb Code     0  startup_stm32f10x_hd.o(.text)
    WWDG_IRQHandler                          0x08000a17   Thumb Code     0  startup_stm32f10x_hd.o(.text)
    __user_initial_stackheap                 0x08000a19   Thumb Code     0  startup_stm32f10x_hd.o(.text)
    NMI_Handler                              0x08000a3d   Thumb Code     2  stm32f10x_it.o(.text)
    HardFault_Handler                        0x08000a3f   Thumb Code     4  stm32f10x_it.o(.text)
    MemManage_Handler                        0x08000a43   Thumb Code     4  stm32f10x_it.o(.text)
    BusFault_Handler                         0x08000a47   Thumb Code     4  stm32f10x_it.o(.text)
    UsageFault_Handler                       0x08000a4b   Thumb Code     4  stm32f10x_it.o(.text)
    SVC_Handler                              0x08000a4f   Thumb Code     2  stm32f10x_it.o(.text)
    DebugMon_Handler                         0x08000a51   Thumb Code     2  stm32f10x_it.o(.text)
    PendSV_Handler                           0x08000a53   Thumb Code     2  stm32f10x_it.o(.text)
    SysTick_Handler                          0x08000a55   Thumb Code     2  stm32f10x_it.o(.text)
    SystemInit                               0x08000b37   Thumb Code    78  system_stm32f10x.o(.text)
    SystemCoreClockUpdate                    0x08000b85   Thumb Code   142  system_stm32f10x.o(.text)
    NVIC_PriorityGroupConfig                 0x08000c39   Thumb Code    10  misc.o(.text)
    NVIC_Init                                0x08000c43   Thumb Code   100  misc.o(.text)
    NVIC_SetVectorTable                      0x08000ca7   Thumb Code    14  misc.o(.text)
    NVIC_SystemLPConfig                      0x08000cb5   Thumb Code    34  misc.o(.text)
    SysTick_CLKSourceConfig                  0x08000cd7   Thumb Code    40  misc.o(.text)
    EXTI_DeInit                              0x08000d15   Thumb Code    28  stm32f10x_exti.o(.text)
    EXTI_Init                                0x08000d31   Thumb Code   142  stm32f10x_exti.o(.text)
    EXTI_StructInit                          0x08000dbf   Thumb Code    16  stm32f10x_exti.o(.text)
    EXTI_GenerateSWInterrupt                 0x08000dcf   Thumb Code    16  stm32f10x_exti.o(.text)
    EXTI_GetFlagStatus                       0x08000ddf   Thumb Code    22  stm32f10x_exti.o(.text)
    EXTI_ClearFlag                           0x08000df5   Thumb Code     8  stm32f10x_exti.o(.text)
    EXTI_GetITStatus                         0x08000dfd   Thumb Code    34  stm32f10x_exti.o(.text)
    EXTI_ClearITPendingBit                   0x08000e1f   Thumb Code     8  stm32f10x_exti.o(.text)
    GPIO_DeInit                              0x08000e31   Thumb Code   172  stm32f10x_gpio.o(.text)
    GPIO_AFIODeInit                          0x08000edd   Thumb Code    20  stm32f10x_gpio.o(.text)
    GPIO_Init                                0x08000ef1   Thumb Code   278  stm32f10x_gpio.o(.text)
    GPIO_StructInit                          0x08001007   Thumb Code    16  stm32f10x_gpio.o(.text)
    GPIO_ReadInputDataBit                    0x08001017   Thumb Code    18  stm32f10x_gpio.o(.text)
    GPIO_ReadInputData                       0x08001029   Thumb Code     8  stm32f10x_gpio.o(.text)
    GPIO_ReadOutputDataBit                   0x08001031   Thumb Code    18  stm32f10x_gpio.o(.text)
    GPIO_ReadOutputData                      0x08001043   Thumb Code     8  stm32f10x_gpio.o(.text)
    GPIO_SetBits                             0x0800104b   Thumb Code     4  stm32f10x_gpio.o(.text)
    GPIO_ResetBits                           0x0800104f   Thumb Code     4  stm32f10x_gpio.o(.text)
    GPIO_WriteBit                            0x08001053   Thumb Code    10  stm32f10x_gpio.o(.text)
    GPIO_Write                               0x0800105d   Thumb Code     4  stm32f10x_gpio.o(.text)
    GPIO_PinLockConfig                       0x08001061   Thumb Code    18  stm32f10x_gpio.o(.text)
    GPIO_EventOutputConfig                   0x08001073   Thumb Code    26  stm32f10x_gpio.o(.text)
    GPIO_EventOutputCmd                      0x0800108d   Thumb Code     6  stm32f10x_gpio.o(.text)
    GPIO_PinRemapConfig                      0x08001093   Thumb Code   138  stm32f10x_gpio.o(.text)
    GPIO_EXTILineConfig                      0x0800111d   Thumb Code    66  stm32f10x_gpio.o(.text)
    GPIO_ETH_MediaInterfaceConfig            0x0800115f   Thumb Code     8  stm32f10x_gpio.o(.text)
    RCC_DeInit                               0x0800118d   Thumb Code    64  stm32f10x_rcc.o(.text)
    RCC_HSEConfig                            0x080011cd   Thumb Code    70  stm32f10x_rcc.o(.text)
    RCC_GetFlagStatus                        0x08001213   Thumb Code    56  stm32f10x_rcc.o(.text)
    RCC_WaitForHSEStartUp                    0x0800124b   Thumb Code    56  stm32f10x_rcc.o(.text)
    RCC_AdjustHSICalibrationValue            0x08001283   Thumb Code    20  stm32f10x_rcc.o(.text)
    RCC_HSICmd                               0x08001297   Thumb Code     6  stm32f10x_rcc.o(.text)
    RCC_PLLConfig                            0x0800129d   Thumb Code    24  stm32f10x_rcc.o(.text)
    RCC_PLLCmd                               0x080012b5   Thumb Code     6  stm32f10x_rcc.o(.text)
    RCC_SYSCLKConfig                         0x080012bb   Thumb Code    18  stm32f10x_rcc.o(.text)
    RCC_GetSYSCLKSource                      0x080012cd   Thumb Code    10  stm32f10x_rcc.o(.text)
    RCC_HCLKConfig                           0x080012d7   Thumb Code    18  stm32f10x_rcc.o(.text)
    RCC_PCLK1Config                          0x080012e9   Thumb Code    18  stm32f10x_rcc.o(.text)
    RCC_PCLK2Config                          0x080012fb   Thumb Code    20  stm32f10x_rcc.o(.text)
    RCC_ITConfig                             0x0800130f   Thumb Code    26  stm32f10x_rcc.o(.text)
    RCC_USBCLKConfig                         0x08001329   Thumb Code     8  stm32f10x_rcc.o(.text)
    RCC_ADCCLKConfig                         0x08001331   Thumb Code    18  stm32f10x_rcc.o(.text)
    RCC_LSEConfig                            0x08001343   Thumb Code    50  stm32f10x_rcc.o(.text)
    RCC_LSICmd                               0x08001375   Thumb Code     6  stm32f10x_rcc.o(.text)
    RCC_RTCCLKConfig                         0x0800137b   Thumb Code    12  stm32f10x_rcc.o(.text)
    RCC_RTCCLKCmd                            0x08001387   Thumb Code     8  stm32f10x_rcc.o(.text)
    RCC_GetClocksFreq                        0x0800138f   Thumb Code   192  stm32f10x_rcc.o(.text)
    RCC_AHBPeriphClockCmd                    0x0800144f   Thumb Code    26  stm32f10x_rcc.o(.text)
    RCC_APB2PeriphClockCmd                   0x08001469   Thumb Code    26  stm32f10x_rcc.o(.text)
    RCC_APB1PeriphClockCmd                   0x08001483   Thumb Code    26  stm32f10x_rcc.o(.text)
    RCC_APB2PeriphResetCmd                   0x0800149d   Thumb Code    26  stm32f10x_rcc.o(.text)
    RCC_APB1PeriphResetCmd                   0x080014b7   Thumb Code    26  stm32f10x_rcc.o(.text)
    RCC_BackupResetCmd                       0x080014d1   Thumb Code     8  stm32f10x_rcc.o(.text)
    RCC_ClockSecuritySystemCmd               0x080014d9   Thumb Code     6  stm32f10x_rcc.o(.text)
    RCC_MCOConfig                            0x080014df   Thumb Code     6  stm32f10x_rcc.o(.text)
    RCC_ClearFlag                            0x080014e5   Thumb Code    14  stm32f10x_rcc.o(.text)
    RCC_GetITStatus                          0x080014f3   Thumb Code    20  stm32f10x_rcc.o(.text)
    RCC_ClearITPendingBit                    0x08001507   Thumb Code     6  stm32f10x_rcc.o(.text)
    TIM_DeInit                               0x08001531   Thumb Code   424  stm32f10x_tim.o(.text)
    TIM_TimeBaseInit                         0x080016d9   Thumb Code   122  stm32f10x_tim.o(.text)
    TIM_OC1Init                              0x08001753   Thumb Code   132  stm32f10x_tim.o(.text)
    TIM_OC2Init                              0x080017d7   Thumb Code   154  stm32f10x_tim.o(.text)
    TIM_OC3Init                              0x08001871   Thumb Code   150  stm32f10x_tim.o(.text)
    TIM_OC4Init                              0x08001907   Thumb Code   182  stm32f10x_tim.o(.text)
    TIM_SetIC4Prescaler                      0x080019bd   Thumb Code    26  stm32f10x_tim.o(.text)
    TIM_SetIC3Prescaler                      0x08001a59   Thumb Code    18  stm32f10x_tim.o(.text)
    TIM_SetIC2Prescaler                      0x08001ae5   Thumb Code    26  stm32f10x_tim.o(.text)
    TIM_SetIC1Prescaler                      0x08001b81   Thumb Code    18  stm32f10x_tim.o(.text)
    TIM_ICInit                               0x08001bff   Thumb Code   150  stm32f10x_tim.o(.text)
    TIM_PWMIConfig                           0x08001c95   Thumb Code   124  stm32f10x_tim.o(.text)
    TIM_BDTRConfig                           0x08001d11   Thumb Code    32  stm32f10x_tim.o(.text)
    TIM_TimeBaseStructInit                   0x08001d31   Thumb Code    18  stm32f10x_tim.o(.text)
    TIM_OCStructInit                         0x08001d43   Thumb Code    20  stm32f10x_tim.o(.text)
    TIM_ICStructInit                         0x08001d57   Thumb Code    18  stm32f10x_tim.o(.text)
    TIM_BDTRStructInit                       0x08001d69   Thumb Code    40  stm32f10x_tim.o(.text)
    TIM_Cmd                                  0x08001d91   Thumb Code    24  stm32f10x_tim.o(.text)
    TIM_CtrlPWMOutputs                       0x08001da9   Thumb Code    30  stm32f10x_tim.o(.text)
    TIM_ITConfig                             0x08001dc7   Thumb Code    18  stm32f10x_tim.o(.text)
    TIM_GenerateEvent                        0x08001dd9   Thumb Code     4  stm32f10x_tim.o(.text)
    TIM_DMAConfig                            0x08001ddd   Thumb Code    10  stm32f10x_tim.o(.text)
    TIM_DMACmd                               0x08001de7   Thumb Code    18  stm32f10x_tim.o(.text)
    TIM_InternalClockConfig                  0x08001df9   Thumb Code    12  stm32f10x_tim.o(.text)
    TIM_SelectInputTrigger                   0x08001e05   Thumb Code    18  stm32f10x_tim.o(.text)
    TIM_ITRxExternalClockConfig              0x08001e17   Thumb Code    24  stm32f10x_tim.o(.text)
    TIM_TIxExternalClockConfig               0x08001e2f   Thumb Code    62  stm32f10x_tim.o(.text)
    TIM_ETRConfig                            0x08001e6d   Thumb Code    28  stm32f10x_tim.o(.text)
    TIM_ETRClockMode1Config                  0x08001e89   Thumb Code    54  stm32f10x_tim.o(.text)
    TIM_ETRClockMode2Config                  0x08001ebf   Thumb Code    32  stm32f10x_tim.o(.text)
    TIM_PrescalerConfig                      0x08001edf   Thumb Code     6  stm32f10x_tim.o(.text)
    TIM_CounterModeConfig                    0x08001ee5   Thumb Code    18  stm32f10x_tim.o(.text)
    TIM_EncoderInterfaceConfig               0x08001ef7   Thumb Code    66  stm32f10x_tim.o(.text)
    TIM_ForcedOC1Config                      0x08001f39   Thumb Code    18  stm32f10x_tim.o(.text)
    TIM_ForcedOC2Config                      0x08001f4b   Thumb Code    26  stm32f10x_tim.o(.text)
    TIM_ForcedOC3Config                      0x08001f65   Thumb Code    18  stm32f10x_tim.o(.text)
    TIM_ForcedOC4Config                      0x08001f77   Thumb Code    26  stm32f10x_tim.o(.text)
    TIM_ARRPreloadConfig                     0x08001f91   Thumb Code    24  stm32f10x_tim.o(.text)
    TIM_SelectCOM                            0x08001fa9   Thumb Code    24  stm32f10x_tim.o(.text)
    TIM_SelectCCDMA                          0x08001fc1   Thumb Code    24  stm32f10x_tim.o(.text)
    TIM_CCPreloadControl                     0x08001fd9   Thumb Code    24  stm32f10x_tim.o(.text)
    TIM_OC1PreloadConfig                     0x08001ff1   Thumb Code    18  stm32f10x_tim.o(.text)
    TIM_OC2PreloadConfig                     0x08002003   Thumb Code    26  stm32f10x_tim.o(.text)
    TIM_OC3PreloadConfig                     0x0800201d   Thumb Code    18  stm32f10x_tim.o(.text)
    TIM_OC4PreloadConfig                     0x0800202f   Thumb Code    26  stm32f10x_tim.o(.text)
    TIM_OC1FastConfig                        0x08002049   Thumb Code    18  stm32f10x_tim.o(.text)
    TIM_OC2FastConfig                        0x0800205b   Thumb Code    26  stm32f10x_tim.o(.text)
    TIM_OC3FastConfig                        0x08002075   Thumb Code    18  stm32f10x_tim.o(.text)
    TIM_OC4FastConfig                        0x08002087   Thumb Code    26  stm32f10x_tim.o(.text)
    TIM_ClearOC1Ref                          0x080020a1   Thumb Code    18  stm32f10x_tim.o(.text)
    TIM_ClearOC2Ref                          0x080020b3   Thumb Code    24  stm32f10x_tim.o(.text)
    TIM_ClearOC3Ref                          0x080020cb   Thumb Code    18  stm32f10x_tim.o(.text)
    TIM_ClearOC4Ref                          0x080020dd   Thumb Code    24  stm32f10x_tim.o(.text)
    TIM_OC1PolarityConfig                    0x080020f5   Thumb Code    18  stm32f10x_tim.o(.text)
    TIM_OC1NPolarityConfig                   0x08002107   Thumb Code    18  stm32f10x_tim.o(.text)
    TIM_OC2PolarityConfig                    0x08002119   Thumb Code    26  stm32f10x_tim.o(.text)
    TIM_OC2NPolarityConfig                   0x08002133   Thumb Code    26  stm32f10x_tim.o(.text)
    TIM_OC3PolarityConfig                    0x0800214d   Thumb Code    26  stm32f10x_tim.o(.text)
    TIM_OC3NPolarityConfig                   0x08002167   Thumb Code    26  stm32f10x_tim.o(.text)
    TIM_OC4PolarityConfig                    0x08002181   Thumb Code    26  stm32f10x_tim.o(.text)
    TIM_CCxCmd                               0x0800219b   Thumb Code    30  stm32f10x_tim.o(.text)
    TIM_CCxNCmd                              0x080021b9   Thumb Code    30  stm32f10x_tim.o(.text)
    TIM_SelectOCxM                           0x080021d7   Thumb Code    82  stm32f10x_tim.o(.text)
    TIM_UpdateDisableConfig                  0x08002229   Thumb Code    24  stm32f10x_tim.o(.text)
    TIM_UpdateRequestConfig                  0x08002241   Thumb Code    24  stm32f10x_tim.o(.text)
    TIM_SelectHallSensor                     0x08002259   Thumb Code    24  stm32f10x_tim.o(.text)
    TIM_SelectOnePulseMode                   0x08002271   Thumb Code    18  stm32f10x_tim.o(.text)
    TIM_SelectOutputTrigger                  0x08002283   Thumb Code    18  stm32f10x_tim.o(.text)
    TIM_SelectSlaveMode                      0x08002295   Thumb Code    18  stm32f10x_tim.o(.text)
    TIM_SelectMasterSlaveMode                0x080022a7   Thumb Code    18  stm32f10x_tim.o(.text)
    TIM_SetCounter                           0x080022b9   Thumb Code     4  stm32f10x_tim.o(.text)
    TIM_SetAutoreload                        0x080022bd   Thumb Code     4  stm32f10x_tim.o(.text)
    TIM_SetCompare1                          0x080022c1   Thumb Code     4  stm32f10x_tim.o(.text)
    TIM_SetCompare2                          0x080022c5   Thumb Code     4  stm32f10x_tim.o(.text)
    TIM_SetCompare3                          0x080022c9   Thumb Code     4  stm32f10x_tim.o(.text)
    TIM_SetCompare4                          0x080022cd   Thumb Code     6  stm32f10x_tim.o(.text)
    TIM_SetClockDivision                     0x080022d3   Thumb Code    18  stm32f10x_tim.o(.text)
    TIM_GetCapture1                          0x080022e5   Thumb Code     6  stm32f10x_tim.o(.text)
    TIM_GetCapture2                          0x080022eb   Thumb Code     6  stm32f10x_tim.o(.text)
    TIM_GetCapture3                          0x080022f1   Thumb Code     6  stm32f10x_tim.o(.text)
    TIM_GetCapture4                          0x080022f7   Thumb Code     8  stm32f10x_tim.o(.text)
    TIM_GetCounter                           0x080022ff   Thumb Code     6  stm32f10x_tim.o(.text)
    TIM_GetPrescaler                         0x08002305   Thumb Code     6  stm32f10x_tim.o(.text)
    TIM_GetFlagStatus                        0x0800230b   Thumb Code    18  stm32f10x_tim.o(.text)
    TIM_ClearFlag                            0x0800231d   Thumb Code     6  stm32f10x_tim.o(.text)
    TIM_GetITStatus                          0x08002323   Thumb Code    34  stm32f10x_tim.o(.text)
    TIM_ClearITPendingBit                    0x08002345   Thumb Code     6  stm32f10x_tim.o(.text)
    USART_DeInit                             0x0800234d   Thumb Code   134  stm32f10x_usart.o(.text)
    USART_Init                               0x080023d3   Thumb Code   210  stm32f10x_usart.o(.text)
    USART_StructInit                         0x080024a5   Thumb Code    24  stm32f10x_usart.o(.text)
    USART_ClockInit                          0x080024bd   Thumb Code    34  stm32f10x_usart.o(.text)
    USART_ClockStructInit                    0x080024df   Thumb Code    12  stm32f10x_usart.o(.text)
    USART_Cmd                                0x080024eb   Thumb Code    24  stm32f10x_usart.o(.text)
    USART_ITConfig                           0x08002503   Thumb Code    74  stm32f10x_usart.o(.text)
    USART_DMACmd                             0x0800254d   Thumb Code    18  stm32f10x_usart.o(.text)
    USART_SetAddress                         0x0800255f   Thumb Code    18  stm32f10x_usart.o(.text)
    USART_WakeUpConfig                       0x08002571   Thumb Code    18  stm32f10x_usart.o(.text)
    USART_ReceiverWakeUpCmd                  0x08002583   Thumb Code    24  stm32f10x_usart.o(.text)
    USART_LINBreakDetectLengthConfig         0x0800259b   Thumb Code    18  stm32f10x_usart.o(.text)
    USART_LINCmd                             0x080025ad   Thumb Code    24  stm32f10x_usart.o(.text)
    USART_SendData                           0x080025c5   Thumb Code     8  stm32f10x_usart.o(.text)
    USART_ReceiveData                        0x080025cd   Thumb Code    10  stm32f10x_usart.o(.text)
    USART_SendBreak                          0x080025d7   Thumb Code    10  stm32f10x_usart.o(.text)
    USART_SetGuardTime                       0x080025e1   Thumb Code    16  stm32f10x_usart.o(.text)
    USART_SetPrescaler                       0x080025f1   Thumb Code    16  stm32f10x_usart.o(.text)
    USART_SmartCardCmd                       0x08002601   Thumb Code    24  stm32f10x_usart.o(.text)
    USART_SmartCardNACKCmd                   0x08002619   Thumb Code    24  stm32f10x_usart.o(.text)
    USART_HalfDuplexCmd                      0x08002631   Thumb Code    24  stm32f10x_usart.o(.text)
    USART_OverSampling8Cmd                   0x08002649   Thumb Code    22  stm32f10x_usart.o(.text)
    USART_OneBitMethodCmd                    0x0800265f   Thumb Code    24  stm32f10x_usart.o(.text)
    USART_IrDAConfig                         0x08002677   Thumb Code    18  stm32f10x_usart.o(.text)
    USART_IrDACmd                            0x08002689   Thumb Code    24  stm32f10x_usart.o(.text)
    USART_GetFlagStatus                      0x080026a1   Thumb Code    26  stm32f10x_usart.o(.text)
    USART_ClearFlag                          0x080026bb   Thumb Code    18  stm32f10x_usart.o(.text)
    USART_GetITStatus                        0x080026cd   Thumb Code    84  stm32f10x_usart.o(.text)
    USART_ClearITPendingBit                  0x08002721   Thumb Code    52  stm32f10x_usart.o(.text)
    __c89vsprintf                            0x08002755   Thumb Code    32  c89vsprintf.o(.text)
    strstr                                   0x08002779   Thumb Code    36  strstr.o(.text)
    __aeabi_memclr                           0x0800279d   Thumb Code     0  rt_memclr.o(.text)
    __rt_memclr                              0x0800279d   Thumb Code    68  rt_memclr.o(.text)
    _memset                                  0x080027a1   Thumb Code     0  rt_memclr.o(.text)
    __use_two_region_memory                  0x080027e1   Thumb Code     2  heapauxi.o(.text)
    __rt_heap_escrow$2region                 0x080027e3   Thumb Code     2  heapauxi.o(.text)
    __rt_heap_expand$2region                 0x080027e5   Thumb Code     2  heapauxi.o(.text)
    _printf_pre_padding                      0x080027e7   Thumb Code    44  _printf_pad.o(.text)
    _printf_post_padding                     0x08002813   Thumb Code    34  _printf_pad.o(.text)
    _printf_truncate_signed                  0x08002835   Thumb Code    18  _printf_truncate.o(.text)
    _printf_truncate_unsigned                0x08002847   Thumb Code    18  _printf_truncate.o(.text)
    _printf_str                              0x08002859   Thumb Code    82  _printf_str.o(.text)
    _printf_int_dec                          0x080028ad   Thumb Code   104  _printf_dec.o(.text)
    _printf_charcount                        0x08002925   Thumb Code    40  _printf_charcount.o(.text)
    _printf_char_common                      0x08002957   Thumb Code    32  _printf_char_common.o(.text)
    _sputc                                   0x0800297d   Thumb Code    10  _sputc.o(.text)
    _printf_wctomb                           0x08002989   Thumb Code   182  _printf_wctomb.o(.text)
    _printf_longlong_dec                     0x08002a45   Thumb Code   108  _printf_longlong_dec.o(.text)
    _printf_longlong_oct                     0x08002ac1   Thumb Code    68  _printf_oct_int_ll.o(.text)
    _printf_int_oct                          0x08002b05   Thumb Code    24  _printf_oct_int_ll.o(.text)
    _printf_ll_oct                           0x08002b1d   Thumb Code    12  _printf_oct_int_ll.o(.text)
    _printf_longlong_hex                     0x08002b31   Thumb Code    86  _printf_hex_int_ll_ptr.o(.text)
    _printf_int_hex                          0x08002b87   Thumb Code    28  _printf_hex_int_ll_ptr.o(.text)
    _printf_ll_hex                           0x08002ba3   Thumb Code    12  _printf_hex_int_ll_ptr.o(.text)
    _printf_hex_ptr                          0x08002baf   Thumb Code    18  _printf_hex_int_ll_ptr.o(.text)
    __printf                                 0x08002bc5   Thumb Code   388  __printf_flags_ss_wp.o(.text)
    __aeabi_memclr4                          0x08002d4d   Thumb Code     0  rt_memclr_w.o(.text)
    __aeabi_memclr8                          0x08002d4d   Thumb Code     0  rt_memclr_w.o(.text)
    __rt_memclr_w                            0x08002d4d   Thumb Code    78  rt_memclr_w.o(.text)
    _memset_w                                0x08002d51   Thumb Code     0  rt_memclr_w.o(.text)
    _ll_udiv10                               0x08002d9b   Thumb Code   138  lludiv10.o(.text)
    _printf_int_common                       0x08002e25   Thumb Code   178  _printf_intcommon.o(.text)
    __lib_sel_fp_printf                      0x08002ed7   Thumb Code     2  _printf_fp_dec.o(.text)
    _printf_fp_dec_real                      0x08003085   Thumb Code   620  _printf_fp_dec.o(.text)
    _printf_cs_common                        0x080032f1   Thumb Code    20  _printf_char.o(.text)
    _printf_char                             0x08003305   Thumb Code    16  _printf_char.o(.text)
    _printf_string                           0x08003315   Thumb Code     8  _printf_char.o(.text)
    _printf_lcs_common                       0x0800331d   Thumb Code    20  _printf_wchar.o(.text)
    _printf_wchar                            0x08003331   Thumb Code    16  _printf_wchar.o(.text)
    _printf_wstring                          0x08003341   Thumb Code     8  _printf_wchar.o(.text)
    _wcrtomb                                 0x08003349   Thumb Code    64  _wcrtomb.o(.text)
    __user_setup_stackheap                   0x08003389   Thumb Code    74  sys_stackheap_outer.o(.text)
    __rt_ctype_table                         0x080033d5   Thumb Code    16  rt_ctype_table.o(.text)
    __rt_locale                              0x080033e5   Thumb Code     8  rt_locale_intlibspace.o(.text)
    _printf_fp_infnan                        0x080033ed   Thumb Code   112  _printf_fp_infnan.o(.text)
    _btod_etento                             0x0800346d   Thumb Code   216  bigflt0.o(.text)
    exit                                     0x08003549   Thumb Code    12  exit.o(.text)
    __user_libspace                          0x08003555   Thumb Code     8  libspace.o(.text)
    __user_perproc_libspace                  0x08003555   Thumb Code     0  libspace.o(.text)
    __user_perthread_libspace                0x08003555   Thumb Code     0  libspace.o(.text)
    strcmp                                   0x0800355d   Thumb Code   128  strcmpv7m.o(.text)
    _sys_exit                                0x080035dd   Thumb Code     8  sys_exit.o(.text)
    __I$use$semihosting                      0x080035e9   Thumb Code     0  use_no_semi.o(.text)
    __use_no_semihosting_swi                 0x080035e9   Thumb Code     2  use_no_semi.o(.text)
    __semihosting_library_function           0x080035eb   Thumb Code     0  indicate_semi.o(.text)
    _btod_d2e                                0x080035eb   Thumb Code    62  btod.o(CL$$btod_d2e)
    _d2e_denorm_low                          0x08003629   Thumb Code    70  btod.o(CL$$btod_d2e_denorm_low)
    _d2e_norm_op1                            0x0800366f   Thumb Code    96  btod.o(CL$$btod_d2e_norm_op1)
    __btod_div_common                        0x080036cf   Thumb Code   696  btod.o(CL$$btod_div_common)
    _e2e                                     0x08003a07   Thumb Code   198  btod.o(CL$$btod_e2e)
    _btod_ediv                               0x08003acd   Thumb Code    40  btod.o(CL$$btod_ediv)
    _btod_emul                               0x08003af5   Thumb Code    40  btod.o(CL$$btod_emul)
    __btod_mult_common                       0x08003b1d   Thumb Code   580  btod.o(CL$$btod_mult_common)
    __ARM_fpclassify                         0x08003d61   Thumb Code    40  fpclassify.o(i.__ARM_fpclassify)
    _is_digit                                0x08003d89   Thumb Code    14  __printf_wp.o(i._is_digit)
    _get_lc_numeric                          0x08003d99   Thumb Code    44  lc_numeric_c.o(locale$$code)
    _get_lc_ctype                            0x08003dc5   Thumb Code    44  lc_ctype_c.o(locale$$code)
    _printf_fp_dec                           0x08003df1   Thumb Code     4  printf1.o(x$fpl$printf1)
    __I$use$fp                               0x08003df4   Number         0  usenofp.o(x$fpl$usenofp)
    Region$$Table$$Base                      0x08003f28   Number         0  anon$$obj.o(Region$$Table)
    Region$$Table$$Limit                     0x08003f48   Number         0  anon$$obj.o(Region$$Table)
    __ctype                                  0x08003f71   Data           0  lc_ctype_c.o(locale$$data)
    usart1Len                                0x20000000   Data           1  main.o(.data)
    usart2Len                                0x20000001   Data           1  main.o(.data)
    COMPILED_DATE                            0x20000004   Data           4  main.o(.data)
    COMPILED_TIME                            0x20000008   Data           4  main.o(.data)
    Week                                     0x2000000c   Data          28  main.o(.data)
    sr04Count                                0x20000028   Data           2  hc_sr04.o(.data)
    point1                                   0x2000002e   Data           2  usart.o(.data)
    SystemCoreClock                          0x20000030   Data           4  system_stm32f10x.o(.data)
    AHBPrescTable                            0x20000034   Data          16  system_stm32f10x.o(.data)
    usart1Buf                                0x20000058   Data          64  main.o(.bss)
    usart2Buf                                0x20000098   Data          64  main.o(.bss)
    Save_Data                                0x200000d8   Data         121  usart.o(.bss)
    __libspace_start                         0x20000154   Data          96  libspace.o(.bss)
    __temporary_stack_top$libspace           0x200001b4   Data           0  libspace.o(.bss)



==============================================================================

Memory Map of the image

  Image Entry point : 0x08000131

  Load Region LR_IROM1 (Base: 0x08000000, Size: 0x000040cc, Max: 0x00080000, ABSOLUTE)

    Execution Region ER_IROM1 (Base: 0x08000000, Size: 0x00004074, Max: 0x00080000, ABSOLUTE)

    Base Addr    Size         Type   Attr      Idx    E Section Name        Object

    0x08000000   0x00000130   Data   RO          280    RESET               startup_stm32f10x_hd.o
    0x08000130   0x00000008   Code   RO          606  * !!!main             c_w.l(__main.o)
    0x08000138   0x00000034   Code   RO          947    !!!scatter          c_w.l(__scatter.o)
    0x0800016c   0x0000001a   Code   RO          949    !!handler_copy      c_w.l(__scatter_copy.o)
    0x08000186   0x00000002   PAD
    0x08000188   0x0000001c   Code   RO          951    !!handler_zi        c_w.l(__scatter_zi.o)
    0x080001a4   0x00000000   Code   RO          710    .ARM.Collect$$_printf_percent$$00000000  c_w.l(_printf_percent.o)
    0x080001a4   0x00000006   Code   RO          699    .ARM.Collect$$_printf_percent$$00000001  c_w.l(_printf_n.o)
    0x080001aa   0x00000006   Code   RO          701    .ARM.Collect$$_printf_percent$$00000002  c_w.l(_printf_p.o)
    0x080001b0   0x00000006   Code   RO          706    .ARM.Collect$$_printf_percent$$00000003  c_w.l(_printf_f.o)
    0x080001b6   0x00000006   Code   RO          707    .ARM.Collect$$_printf_percent$$00000004  c_w.l(_printf_e.o)
    0x080001bc   0x00000006   Code   RO          708    .ARM.Collect$$_printf_percent$$00000005  c_w.l(_printf_g.o)
    0x080001c2   0x00000006   Code   RO          709    .ARM.Collect$$_printf_percent$$00000006  c_w.l(_printf_a.o)
    0x080001c8   0x0000000a   Code   RO          714    .ARM.Collect$$_printf_percent$$00000007  c_w.l(_printf_ll.o)
    0x080001d2   0x00000006   Code   RO          703    .ARM.Collect$$_printf_percent$$00000008  c_w.l(_printf_i.o)
    0x080001d8   0x00000006   Code   RO          704    .ARM.Collect$$_printf_percent$$00000009  c_w.l(_printf_d.o)
    0x080001de   0x00000006   Code   RO          705    .ARM.Collect$$_printf_percent$$0000000A  c_w.l(_printf_u.o)
    0x080001e4   0x00000006   Code   RO          702    .ARM.Collect$$_printf_percent$$0000000B  c_w.l(_printf_o.o)
    0x080001ea   0x00000006   Code   RO          700    .ARM.Collect$$_printf_percent$$0000000C  c_w.l(_printf_x.o)
    0x080001f0   0x00000006   Code   RO          711    .ARM.Collect$$_printf_percent$$0000000D  c_w.l(_printf_lli.o)
    0x080001f6   0x00000006   Code   RO          712    .ARM.Collect$$_printf_percent$$0000000E  c_w.l(_printf_lld.o)
    0x080001fc   0x00000006   Code   RO          713    .ARM.Collect$$_printf_percent$$0000000F  c_w.l(_printf_llu.o)
    0x08000202   0x00000006   Code   RO          718    .ARM.Collect$$_printf_percent$$00000010  c_w.l(_printf_llo.o)
    0x08000208   0x00000006   Code   RO          719    .ARM.Collect$$_printf_percent$$00000011  c_w.l(_printf_llx.o)
    0x0800020e   0x0000000a   Code   RO          715    .ARM.Collect$$_printf_percent$$00000012  c_w.l(_printf_l.o)
    0x08000218   0x00000006   Code   RO          697    .ARM.Collect$$_printf_percent$$00000013  c_w.l(_printf_c.o)
    0x0800021e   0x00000006   Code   RO          698    .ARM.Collect$$_printf_percent$$00000014  c_w.l(_printf_s.o)
    0x08000224   0x00000006   Code   RO          716    .ARM.Collect$$_printf_percent$$00000015  c_w.l(_printf_lc.o)
    0x0800022a   0x00000006   Code   RO          717    .ARM.Collect$$_printf_percent$$00000016  c_w.l(_printf_ls.o)
    0x08000230   0x00000004   Code   RO          760    .ARM.Collect$$_printf_percent$$00000017  c_w.l(_printf_percent_end.o)
    0x08000234   0x00000002   Code   RO          809    .ARM.Collect$$libinit$$00000000  c_w.l(libinit.o)
    0x08000236   0x00000000   Code   RO          825    .ARM.Collect$$libinit$$00000002  c_w.l(libinit2.o)
    0x08000236   0x00000000   Code   RO          827    .ARM.Collect$$libinit$$00000004  c_w.l(libinit2.o)
    0x08000236   0x00000000   Code   RO          830    .ARM.Collect$$libinit$$0000000A  c_w.l(libinit2.o)
    0x08000236   0x00000000   Code   RO          832    .ARM.Collect$$libinit$$0000000C  c_w.l(libinit2.o)
    0x08000236   0x00000000   Code   RO          834    .ARM.Collect$$libinit$$0000000E  c_w.l(libinit2.o)
    0x08000236   0x00000006   Code   RO          835    .ARM.Collect$$libinit$$0000000F  c_w.l(libinit2.o)
    0x0800023c   0x00000000   Code   RO          837    .ARM.Collect$$libinit$$00000011  c_w.l(libinit2.o)
    0x0800023c   0x0000000c   Code   RO          838    .ARM.Collect$$libinit$$00000012  c_w.l(libinit2.o)
    0x08000248   0x00000000   Code   RO          839    .ARM.Collect$$libinit$$00000013  c_w.l(libinit2.o)
    0x08000248   0x00000000   Code   RO          841    .ARM.Collect$$libinit$$00000015  c_w.l(libinit2.o)
    0x08000248   0x0000000a   Code   RO          842    .ARM.Collect$$libinit$$00000016  c_w.l(libinit2.o)
    0x08000252   0x00000000   Code   RO          843    .ARM.Collect$$libinit$$00000017  c_w.l(libinit2.o)
    0x08000252   0x00000000   Code   RO          845    .ARM.Collect$$libinit$$00000019  c_w.l(libinit2.o)
    0x08000252   0x00000000   Code   RO          847    .ARM.Collect$$libinit$$0000001B  c_w.l(libinit2.o)
    0x08000252   0x00000000   Code   RO          849    .ARM.Collect$$libinit$$0000001D  c_w.l(libinit2.o)
    0x08000252   0x00000000   Code   RO          851    .ARM.Collect$$libinit$$0000001F  c_w.l(libinit2.o)
    0x08000252   0x00000000   Code   RO          853    .ARM.Collect$$libinit$$00000021  c_w.l(libinit2.o)
    0x08000252   0x00000000   Code   RO          855    .ARM.Collect$$libinit$$00000023  c_w.l(libinit2.o)
    0x08000252   0x00000000   Code   RO          857    .ARM.Collect$$libinit$$00000025  c_w.l(libinit2.o)
    0x08000252   0x00000000   Code   RO          861    .ARM.Collect$$libinit$$0000002C  c_w.l(libinit2.o)
    0x08000252   0x00000000   Code   RO          863    .ARM.Collect$$libinit$$0000002E  c_w.l(libinit2.o)
    0x08000252   0x00000000   Code   RO          865    .ARM.Collect$$libinit$$00000030  c_w.l(libinit2.o)
    0x08000252   0x00000000   Code   RO          867    .ARM.Collect$$libinit$$00000032  c_w.l(libinit2.o)
    0x08000252   0x00000002   Code   RO          868    .ARM.Collect$$libinit$$00000033  c_w.l(libinit2.o)
    0x08000254   0x00000002   Code   RO          888    .ARM.Collect$$libshutdown$$00000000  c_w.l(libshutdown.o)
    0x08000256   0x00000000   Code   RO          902    .ARM.Collect$$libshutdown$$00000003  c_w.l(libshutdown2.o)
    0x08000256   0x00000000   Code   RO          905    .ARM.Collect$$libshutdown$$00000006  c_w.l(libshutdown2.o)
    0x08000256   0x00000000   Code   RO          908    .ARM.Collect$$libshutdown$$00000009  c_w.l(libshutdown2.o)
    0x08000256   0x00000000   Code   RO          910    .ARM.Collect$$libshutdown$$0000000B  c_w.l(libshutdown2.o)
    0x08000256   0x00000000   Code   RO          913    .ARM.Collect$$libshutdown$$0000000E  c_w.l(libshutdown2.o)
    0x08000256   0x00000002   Code   RO          914    .ARM.Collect$$libshutdown$$0000000F  c_w.l(libshutdown2.o)
    0x08000258   0x00000000   Code   RO          628    .ARM.Collect$$rtentry$$00000000  c_w.l(__rtentry.o)
    0x08000258   0x00000000   Code   RO          734    .ARM.Collect$$rtentry$$00000002  c_w.l(__rtentry2.o)
    0x08000258   0x00000006   Code   RO          746    .ARM.Collect$$rtentry$$00000004  c_w.l(__rtentry4.o)
    0x0800025e   0x00000000   Code   RO          736    .ARM.Collect$$rtentry$$00000009  c_w.l(__rtentry2.o)
    0x0800025e   0x00000004   Code   RO          737    .ARM.Collect$$rtentry$$0000000A  c_w.l(__rtentry2.o)
    0x08000262   0x00000000   Code   RO          739    .ARM.Collect$$rtentry$$0000000C  c_w.l(__rtentry2.o)
    0x08000262   0x00000008   Code   RO          740    .ARM.Collect$$rtentry$$0000000D  c_w.l(__rtentry2.o)
    0x0800026a   0x00000002   Code   RO          817    .ARM.Collect$$rtexit$$00000000  c_w.l(rtexit.o)
    0x0800026c   0x00000000   Code   RO          870    .ARM.Collect$$rtexit$$00000002  c_w.l(rtexit2.o)
    0x0800026c   0x00000004   Code   RO          871    .ARM.Collect$$rtexit$$00000003  c_w.l(rtexit2.o)
    0x08000270   0x00000006   Code   RO          872    .ARM.Collect$$rtexit$$00000004  c_w.l(rtexit2.o)
    0x08000276   0x00000002   PAD
    0x08000278   0x000000d8   Code   RO            1    .text               main.o
    0x08000350   0x0000005c   Code   RO          135    .text               led.o
    0x080003ac   0x000000fc   Code   RO          162    .text               key.o
    0x080004a8   0x000000ac   Code   RO          174    .text               delay.o
    0x08000554   0x0000000c   Code   RO          188    .text               sys.o
    0x08000560   0x000002d0   Code   RO          200    .text               usart.o
    0x08000830   0x000001cc   Code   RO          242    .text               timer.o
    0x080009fc   0x00000040   Code   RO          281    .text               startup_stm32f10x_hd.o
    0x08000a3c   0x0000001a   Code   RO          285    .text               stm32f10x_it.o
    0x08000a56   0x00000002   PAD
    0x08000a58   0x000001e0   Code   RO          300    .text               system_stm32f10x.o
    0x08000c38   0x000000dc   Code   RO          318    .text               misc.o
    0x08000d14   0x0000011c   Code   RO          426    .text               stm32f10x_exti.o
    0x08000e30   0x0000035c   Code   RO          462    .text               stm32f10x_gpio.o
    0x0800118c   0x000003a4   Code   RO          510    .text               stm32f10x_rcc.o
    0x08001530   0x00000e1a   Code   RO          560    .text               stm32f10x_tim.o
    0x0800234a   0x00000002   PAD
    0x0800234c   0x00000408   Code   RO          572    .text               stm32f10x_usart.o
    0x08002754   0x00000024   Code   RO          598    .text               c_w.l(c89vsprintf.o)
    0x08002778   0x00000024   Code   RO          600    .text               c_w.l(strstr.o)
    0x0800279c   0x00000044   Code   RO          602    .text               c_w.l(rt_memclr.o)
    0x080027e0   0x00000006   Code   RO          604    .text               c_w.l(heapauxi.o)
    0x080027e6   0x0000004e   Code   RO          631    .text               c_w.l(_printf_pad.o)
    0x08002834   0x00000024   Code   RO          633    .text               c_w.l(_printf_truncate.o)
    0x08002858   0x00000052   Code   RO          635    .text               c_w.l(_printf_str.o)
    0x080028aa   0x00000002   PAD
    0x080028ac   0x00000078   Code   RO          637    .text               c_w.l(_printf_dec.o)
    0x08002924   0x00000028   Code   RO          639    .text               c_w.l(_printf_charcount.o)
    0x0800294c   0x00000030   Code   RO          641    .text               c_w.l(_printf_char_common.o)
    0x0800297c   0x0000000a   Code   RO          643    .text               c_w.l(_sputc.o)
    0x08002986   0x00000002   PAD
    0x08002988   0x000000bc   Code   RO          645    .text               c_w.l(_printf_wctomb.o)
    0x08002a44   0x0000007c   Code   RO          648    .text               c_w.l(_printf_longlong_dec.o)
    0x08002ac0   0x00000070   Code   RO          654    .text               c_w.l(_printf_oct_int_ll.o)
    0x08002b30   0x00000094   Code   RO          674    .text               c_w.l(_printf_hex_int_ll_ptr.o)
    0x08002bc4   0x00000188   Code   RO          694    .text               c_w.l(__printf_flags_ss_wp.o)
    0x08002d4c   0x0000004e   Code   RO          720    .text               c_w.l(rt_memclr_w.o)
    0x08002d9a   0x0000008a   Code   RO          748    .text               c_w.l(lludiv10.o)
    0x08002e24   0x000000b2   Code   RO          750    .text               c_w.l(_printf_intcommon.o)
    0x08002ed6   0x0000041a   Code   RO          752    .text               c_w.l(_printf_fp_dec.o)
    0x080032f0   0x0000002c   Code   RO          756    .text               c_w.l(_printf_char.o)
    0x0800331c   0x0000002c   Code   RO          758    .text               c_w.l(_printf_wchar.o)
    0x08003348   0x00000040   Code   RO          761    .text               c_w.l(_wcrtomb.o)
    0x08003388   0x0000004a   Code   RO          763    .text               c_w.l(sys_stackheap_outer.o)
    0x080033d2   0x00000002   PAD
    0x080033d4   0x00000010   Code   RO          765    .text               c_w.l(rt_ctype_table.o)
    0x080033e4   0x00000008   Code   RO          770    .text               c_w.l(rt_locale_intlibspace.o)
    0x080033ec   0x00000080   Code   RO          772    .text               c_w.l(_printf_fp_infnan.o)
    0x0800346c   0x000000dc   Code   RO          774    .text               c_w.l(bigflt0.o)
    0x08003548   0x0000000c   Code   RO          802    .text               c_w.l(exit.o)
    0x08003554   0x00000008   Code   RO          814    .text               c_w.l(libspace.o)
    0x0800355c   0x00000080   Code   RO          822    .text               c_w.l(strcmpv7m.o)
    0x080035dc   0x0000000c   Code   RO          880    .text               c_w.l(sys_exit.o)
    0x080035e8   0x00000002   Code   RO          891    .text               c_w.l(use_no_semi.o)
    0x080035ea   0x00000000   Code   RO          893    .text               c_w.l(indicate_semi.o)
    0x080035ea   0x0000003e   Code   RO          777    CL$$btod_d2e        c_w.l(btod.o)
    0x08003628   0x00000046   Code   RO          779    CL$$btod_d2e_denorm_low  c_w.l(btod.o)
    0x0800366e   0x00000060   Code   RO          778    CL$$btod_d2e_norm_op1  c_w.l(btod.o)
    0x080036ce   0x00000338   Code   RO          787    CL$$btod_div_common  c_w.l(btod.o)
    0x08003a06   0x000000c6   Code   RO          784    CL$$btod_e2e        c_w.l(btod.o)
    0x08003acc   0x00000028   Code   RO          781    CL$$btod_ediv       c_w.l(btod.o)
    0x08003af4   0x00000028   Code   RO          780    CL$$btod_emul       c_w.l(btod.o)
    0x08003b1c   0x00000244   Code   RO          786    CL$$btod_mult_common  c_w.l(btod.o)
    0x08003d60   0x00000028   Code   RO          812    i.__ARM_fpclassify  m_ws.l(fpclassify.o)
    0x08003d88   0x0000000e   Code   RO          687    i._is_digit         c_w.l(__printf_wp.o)
    0x08003d96   0x00000002   PAD
    0x08003d98   0x0000002c   Code   RO          800    locale$$code        c_w.l(lc_numeric_c.o)
    0x08003dc4   0x0000002c   Code   RO          820    locale$$code        c_w.l(lc_ctype_c.o)
    0x08003df0   0x00000004   Code   RO          730    x$fpl$printf1       fz_ws.l(printf1.o)
    0x08003df4   0x00000000   Code   RO          732    x$fpl$usenofp       fz_ws.l(usenofp.o)
    0x08003df4   0x00000008   Data   RO          646    .constdata          c_w.l(_printf_wctomb.o)
    0x08003dfc   0x00000028   Data   RO          675    .constdata          c_w.l(_printf_hex_int_ll_ptr.o)
    0x08003e24   0x00000011   Data   RO          695    .constdata          c_w.l(__printf_flags_ss_wp.o)
    0x08003e35   0x00000003   PAD
    0x08003e38   0x00000094   Data   RO          775    .constdata          c_w.l(bigflt0.o)
    0x08003ecc   0x00000059   Data   RO            3    .conststring        main.o
    0x08003f25   0x00000003   PAD
    0x08003f28   0x00000020   Data   RO          945    Region$$Table       anon$$obj.o
    0x08003f48   0x0000001c   Data   RO          799    locale$$data        c_w.l(lc_numeric_c.o)
    0x08003f64   0x00000110   Data   RO          819    locale$$data        c_w.l(lc_ctype_c.o)


    Execution Region RW_IRAM1 (Base: 0x20000000, Size: 0x000007b8, Max: 0x00010000, ABSOLUTE)

    Base Addr    Size         Type   Attr      Idx    E Section Name        Object

    0x20000000   0x00000028   Data   RW            4    .data               main.o
    0x20000028   0x00000002   Data   RW          148    .data               hc_sr04.o
    0x2000002a   0x00000004   Data   RW          175    .data               delay.o
    0x2000002e   0x00000002   Data   RW          202    .data               usart.o
    0x20000030   0x00000014   Data   RW          301    .data               system_stm32f10x.o
    0x20000044   0x00000014   Data   RW          511    .data               stm32f10x_rcc.o
    0x20000058   0x00000080   Zero   RW            2    .bss                main.o
    0x200000d8   0x00000079   Zero   RW          201    .bss                usart.o
    0x20000151   0x00000003   PAD
    0x20000154   0x00000060   Zero   RW          815    .bss                c_w.l(libspace.o)
    0x200001b4   0x00000004   PAD
    0x200001b8   0x00000200   Zero   RW          279    HEAP                startup_stm32f10x_hd.o
    0x200003b8   0x00000400   Zero   RW          278    STACK               startup_stm32f10x_hd.o


==============================================================================

Image component sizes


      Code (inc. data)   RO Data    RW Data    ZI Data      Debug   Object Name

         0          0          0          0          0         32   core_cm3.o
       172          8          0          4          0       1039   delay.o
         0          0          0          2          0        240   hc_sr04.o
       252         10          0          0          0       1552   key.o
        92          4          0          0          0        511   led.o
       216         12         89         40        128     257627   main.o
       220         22          0          0          0       1793   misc.o
        64         26        304          0       1536        788   startup_stm32f10x_hd.o
       284         10          0          0          0       2223   stm32f10x_exti.o
       860         38          0          0          0       5637   stm32f10x_gpio.o
        26          0          0          0          0       1194   stm32f10x_it.o
       932         36          0         20          0       8804   stm32f10x_rcc.o
      3610         88          0          0          0      22120   stm32f10x_tim.o
      1032         22          0          0          0       8364   stm32f10x_usart.o
        12          0          0          0          0        449   sys.o
       480         38          0         20          0       1779   system_stm32f10x.o
       460         22          0          0          0       2025   timer.o
       720         38          0          2        121       3899   usart.o

    ----------------------------------------------------------------------
      9436        374        428         88       1788     320076   Object Totals
         0          0         32          0          0          0   (incl. Generated)
         4          0          3          0          3          0   (incl. Padding)

    ----------------------------------------------------------------------

      Code (inc. data)   RO Data    RW Data    ZI Data      Debug   Library Member Name

         8          0          0          0          0         68   __main.o
       392          4         17          0          0         92   __printf_flags_ss_wp.o
        14          0          0          0          0         68   __printf_wp.o
         0          0          0          0          0          0   __rtentry.o
        12          0          0          0          0          0   __rtentry2.o
         6          0          0          0          0          0   __rtentry4.o
        52          8          0          0          0          0   __scatter.o
        26          0          0          0          0          0   __scatter_copy.o
        28          0          0          0          0          0   __scatter_zi.o
         6          0          0          0          0          0   _printf_a.o
         6          0          0          0          0          0   _printf_c.o
        44          0          0          0          0        108   _printf_char.o
        48          6          0          0          0         96   _printf_char_common.o
        40          0          0          0          0         68   _printf_charcount.o
         6          0          0          0          0          0   _printf_d.o
       120         16          0          0          0         92   _printf_dec.o
         6          0          0          0          0          0   _printf_e.o
         6          0          0          0          0          0   _printf_f.o
      1050          0          0          0          0        216   _printf_fp_dec.o
       128         16          0          0          0         84   _printf_fp_infnan.o
         6          0          0          0          0          0   _printf_g.o
       148          4         40          0          0        160   _printf_hex_int_ll_ptr.o
         6          0          0          0          0          0   _printf_i.o
       178          0          0          0          0         88   _printf_intcommon.o
        10          0          0          0          0          0   _printf_l.o
         6          0          0          0          0          0   _printf_lc.o
        10          0          0          0          0          0   _printf_ll.o
         6          0          0          0          0          0   _printf_lld.o
         6          0          0          0          0          0   _printf_lli.o
         6          0          0          0          0          0   _printf_llo.o
         6          0          0          0          0          0   _printf_llu.o
         6          0          0          0          0          0   _printf_llx.o
       124         16          0          0          0         92   _printf_longlong_dec.o
         6          0          0          0          0          0   _printf_ls.o
         6          0          0          0          0          0   _printf_n.o
         6          0          0          0          0          0   _printf_o.o
       112          8          0          0          0        124   _printf_oct_int_ll.o
         6          0          0          0          0          0   _printf_p.o
        78          0          0          0          0        108   _printf_pad.o
         0          0          0          0          0          0   _printf_percent.o
         4          0          0          0          0          0   _printf_percent_end.o
         6          0          0          0          0          0   _printf_s.o
        82          0          0          0          0         80   _printf_str.o
        36          0          0          0          0         84   _printf_truncate.o
         6          0          0          0          0          0   _printf_u.o
        44          0          0          0          0        108   _printf_wchar.o
       188          6          8          0          0         92   _printf_wctomb.o
         6          0          0          0          0          0   _printf_x.o
        10          0          0          0          0         68   _sputc.o
        64          0          0          0          0         92   _wcrtomb.o
       220          4        148          0          0         96   bigflt0.o
      1910        128          0          0          0        672   btod.o
        36          4          0          0          0         76   c89vsprintf.o
        12          0          0          0          0         72   exit.o
         6          0          0          0          0        152   heapauxi.o
         0          0          0          0          0          0   indicate_semi.o
        44         10        272          0          0         76   lc_ctype_c.o
        44         10         28          0          0         76   lc_numeric_c.o
         2          0          0          0          0          0   libinit.o
        30          0          0          0          0          0   libinit2.o
         2          0          0          0          0          0   libshutdown.o
         2          0          0          0          0          0   libshutdown2.o
         8          4          0          0         96         68   libspace.o
       138          0          0          0          0         80   lludiv10.o
        16          4          0          0          0         76   rt_ctype_table.o
         8          4          0          0          0         68   rt_locale_intlibspace.o
        68          0          0          0          0         68   rt_memclr.o
        78          0          0          0          0         80   rt_memclr_w.o
         2          0          0          0          0          0   rtexit.o
        10          0          0          0          0          0   rtexit2.o
       128          0          0          0          0         68   strcmpv7m.o
        36          0          0          0          0         80   strstr.o
        12          4          0          0          0         68   sys_exit.o
        74          0          0          0          0         80   sys_stackheap_outer.o
         2          0          0          0          0         68   use_no_semi.o
         4          0          0          0          0         68   printf1.o
         0          0          0          0          0          0   usenofp.o
        40          0          0          0          0         68   fpclassify.o

    ----------------------------------------------------------------------
      6120        256        516          0        100       4148   Library Totals
        12          0          3          0          4          0   (incl. Padding)

    ----------------------------------------------------------------------

      Code (inc. data)   RO Data    RW Data    ZI Data      Debug   Library Name

      6064        256        513          0         96       4012   c_w.l
         4          0          0          0          0         68   fz_ws.l
        40          0          0          0          0         68   m_ws.l

    ----------------------------------------------------------------------
      6120        256        516          0        100       4148   Library Totals

    ----------------------------------------------------------------------

==============================================================================


      Code (inc. data)   RO Data    RW Data    ZI Data      Debug   

     15556        630        944         88       1888     320788   Grand Totals
     15556        630        944         88       1888     320788   ELF Image Totals
     15556        630        944         88          0          0   ROM Totals

==============================================================================

    Total RO  Size (Code + RO Data)                16500 (  16.11kB)
    Total RW  Size (RW Data + ZI Data)              1976 (   1.93kB)
    Total ROM Size (Code + RO Data + RW Data)      16588 (  16.20kB)

==============================================================================

